npm warn Unknown env config "devdir". This will stop working in the next major version of npm.

> anime-aggressors@0.1.0 godot:export:android
> node scripts/export-godot-android.mjs

{
  "repo": "gunnchOS3k/anime-aggressors",
  "git_sha": "72e5dada4e557b42b6abb8c85f218f0a5b3d2e35",
  "git_sha_short": "72e5dada4e55",
  "ref": "HEAD",
  "version_name": "0.3.7",
  "version_code": 219,
  "build_timestamp": "2026-09-28T22:30:46Z",
  "build_flavor": "owner-review-debug",
  "package_id": "com.gunnchos.animeaggressors",
  "watermark": "AA 72e5dada4e55"
}
Godot Engine v4.7.1.stable.official.a13da4feb - https://godotengine.org

[   0% ] [90m[1mfirst_scan_filesystem[22m | Started Project initialization (5 steps)[39m[0m
[   0% ] [90m[1mfirst_scan_filesystem[22m | Scanning file structure...[39m[0m
[  16% ] [90m[1mfirst_scan_filesystem[22m | Loading global class names...[39m[0m
[  33% ] [90m[1mfirst_scan_filesystem[22m | Verifying GDExtensions...[39m[0m
[  50% ] [90m[1mfirst_scan_filesystem[22m | Creating autoload scripts...[39m[0m
[  66% ] [90m[1mfirst_scan_filesystem[22m | Initializing plugins...[39m[0m
[  83% ] [90m[1mfirst_scan_filesystem[22m | Starting file scan...[39m[0m
[92m[ DONE ][39m [1mfirst_scan_filesystem[22m
[0m
WARNING: Scan thread aborted...
     at: _notification (editor/file_system/editor_file_system.cpp:1757)
cannot connect to daemon at tcp:5037: Connection refused
Godot Engine v4.7.1.stable.official.a13da4feb - https://godotengine.org

[   0% ] [90m[1mfirst_scan_filesystem[22m | Started Project initialization (5 steps)[39m[0m
[   0% ] [90m[1mfirst_scan_filesystem[22m | Scanning file structure...[39m[0m
[  16% ] [90m[1mfirst_scan_filesystem[22m | Loading global class names...[39m[0m
[  33% ] [90m[1mfirst_scan_filesystem[22m | Verifying GDExtensions...[39m[0m
[  50% ] [90m[1mfirst_scan_filesystem[22m | Creating autoload scripts...[39m[0m
[  66% ] [90m[1mfirst_scan_filesystem[22m | Initializing plugins...[39m[0m
[  83% ] [90m[1mfirst_scan_filesystem[22m | Starting file scan...[39m[0m
[92m[ DONE ][39m [1mfirst_scan_filesystem[22m
[0m
[   0% ] [90m[1mupdate_scripts_classes[22m | Started Registering global classes... (246 steps)[39m[0m
[   0% ] [90m[1mupdate_scripts_classes[22m | AnnouncerVoiceProvider[39m[0m
[   0% ] [90m[1mupdate_scripts_classes[22m | [39m[0m
[   0% ] [90m[1mupdate_scripts_classes[22m | CombatSfxResolver[39m[0m
[   1% ] [90m[1mupdate_scripts_classes[22m | FighterAnnouncer[39m[0m
[   1% ] [90m[1mupdate_scripts_classes[22m | ProceduralAudioBank[39m[0m
[   2% ] [90m[1mupdate_scripts_classes[22m | BatchMatchHarness[39m[0m
[   2% ] [90m[1mupdate_scripts_classes[22m | [39m[0m
[   2% ] [90m[1mupdate_scripts_classes[22m | [39m[0m
[   3% ] [90m[1mupdate_scripts_classes[22m | BattleSceneCpuEval[39m[0m
[   3% ] [90m[1mupdate_scripts_classes[22m | BattleSim[39m[0m
[   4% ] [90m[1mupdate_scripts_classes[22m | HazardItemRuntime[39m[0m
[   4% ] [90m[1mupdate_scripts_classes[22m | [39m[0m
[   4% ] [90m[1mupdate_scripts_classes[22m | AuraIdentity[39m[0m
[   5% ] [90m[1mupdate_scripts_classes[22m | AuraScaler[39m[0m
[   5% ] [90m[1mupdate_scripts_classes[22m | AuraSpecialRuntime[39m[0m
[   6% ] [90m[1mupdate_scripts_classes[22m | AuraTierContract[39m[0m
[   6% ] [90m[1mupdate_scripts_classes[22m | CombatFeedback[39m[0m
[   6% ] [90m[1mupdate_scripts_classes[22m | CombatMath[39m[0m
[   7% ] [90m[1mupdate_scripts_classes[22m | CombatSpaceContract[39m[0m
[   7% ] [90m[1mupdate_scripts_classes[22m | CompetitiveRules[39m[0m
[   8% ] [90m[1mupdate_scripts_classes[22m | CriticalLaunchPredictor[39m[0m
[   8% ] [90m[1mupdate_scripts_classes[22m | DirectionalHitReaction[39m[0m
[   8% ] [90m[1mupdate_scripts_classes[22m | FighterDefinition[39m[0m
[   9% ] [90m[1mupdate_scripts_classes[22m | FighterFacingContract[39m[0m
[   9% ] [90m[1mupdate_scripts_classes[22m | FormDefinition[39m[0m
[  10% ] [90m[1mupdate_scripts_classes[22m | FrameDataTable[39m[0m
[  10% ] [90m[1mupdate_scripts_classes[22m | HitResolver[39m[0m
[  10% ] [90m[1mupdate_scripts_classes[22m | MoveContentCatalog[39m[0m
[  11% ] [90m[1mupdate_scripts_classes[22m | MoveExecutionHarness[39m[0m
[  11% ] [90m[1mupdate_scripts_classes[22m | MoveRunner[39m[0m
[  12% ] [90m[1mupdate_scripts_classes[22m | AAProjectile[39m[0m
[  12% ] [90m[1mupdate_scripts_classes[22m | ProjectileSpawner[39m[0m
[  12% ] [90m[1mupdate_scripts_classes[22m | ThrowResolver[39m[0m
[  13% ] [90m[1mupdate_scripts_classes[22m | TransformPipeline[39m[0m
[  13% ] [90m[1mupdate_scripts_classes[22m | [39m[0m
[  14% ] [90m[1mupdate_scripts_classes[22m | [39m[0m
[  14% ] [90m[1mupdate_scripts_classes[22m | [39m[0m
[  14% ] [90m[1mupdate_scripts_classes[22m | ContentIntegrity[39m[0m
[  15% ] [90m[1mupdate_scripts_classes[22m | [39m[0m
[  15% ] [90m[1mupdate_scripts_classes[22m | [39m[0m
[  16% ] [90m[1mupdate_scripts_classes[22m | [39m[0m
[  16% ] [90m[1mupdate_scripts_classes[22m | [39m[0m
[  17% ] [90m[1mupdate_scripts_classes[22m | [39m[0m
[  17% ] [90m[1mupdate_scripts_classes[22m | CrossDeviceContractProvider[39m[0m
[  17% ] [90m[1mupdate_scripts_classes[22m | [39m[0m
[  18% ] [90m[1mupdate_scripts_classes[22m | DataLoader[39m[0m
[  18% ] [90m[1mupdate_scripts_classes[22m | DebugHud[39m[0m
[  19% ] [90m[1mupdate_scripts_classes[22m | [39m[0m
[  19% ] [90m[1mupdate_scripts_classes[22m | [39m[0m
[  19% ] [90m[1mupdate_scripts_classes[22m | CpuController[39m[0m
[  20% ] [90m[1mupdate_scripts_classes[22m | AAFighter[39m[0m
[  20% ] [90m[1mupdate_scripts_classes[22m | FighterAnimator[39m[0m
[  21% ] [90m[1mupdate_scripts_classes[22m | FighterCharacterLife[39m[0m
[  21% ] [90m[1mupdate_scripts_classes[22m | FighterModel3D[39m[0m
[  21% ] [90m[1mupdate_scripts_classes[22m | [39m[0m
[  22% ] [90m[1mupdate_scripts_classes[22m | FighterStates[39m[0m
[  22% ] [90m[1mupdate_scripts_classes[22m | FighterStateMachine[39m[0m
[  23% ] [90m[1mupdate_scripts_classes[22m | [39m[0m
[  23% ] [90m[1mupdate_scripts_classes[22m | ControllerWatchdog[39m[0m
[  23% ] [90m[1mupdate_scripts_classes[22m | InputPersistenceService[39m[0m
[  24% ] [90m[1mupdate_scripts_classes[22m | [39m[0m
[  24% ] [90m[1mupdate_scripts_classes[22m | [39m[0m
[  25% ] [90m[1mupdate_scripts_classes[22m | [39m[0m
[  25% ] [90m[1mupdate_scripts_classes[22m | [39m[0m
[  25% ] [90m[1mupdate_scripts_classes[22m | [39m[0m
[  26% ] [90m[1mupdate_scripts_classes[22m | [39m[0m
[  26% ] [90m[1mupdate_scripts_classes[22m | [39m[0m
[  27% ] [90m[1mupdate_scripts_classes[22m | [39m[0m
[  27% ] [90m[1mupdate_scripts_classes[22m | [39m[0m
[  27% ] [90m[1mupdate_scripts_classes[22m | [39m[0m
[  28% ] [90m[1mupdate_scripts_classes[22m | [39m[0m
[  28% ] [90m[1mupdate_scripts_classes[22m | [39m[0m
[  29% ] [90m[1mupdate_scripts_classes[22m | CharacterSelectFraming[39m[0m
[  29% ] [90m[1mupdate_scripts_classes[22m | CharacterSelectShowcaseFlourish[39m[0m
[  29% ] [90m[1mupdate_scripts_classes[22m | [39m[0m
[  30% ] [90m[1mupdate_scripts_classes[22m | [39m[0m
[  30% ] [90m[1mupdate_scripts_classes[22m | [39m[0m
[  31% ] [90m[1mupdate_scripts_classes[22m | [39m[0m
[  31% ] [90m[1mupdate_scripts_classes[22m | [39m[0m
[  31% ] [90m[1mupdate_scripts_classes[22m | [39m[0m
[  32% ] [90m[1mupdate_scripts_classes[22m | [39m[0m
[  32% ] [90m[1mupdate_scripts_classes[22m | [39m[0m
[  33% ] [90m[1mupdate_scripts_classes[22m | [39m[0m
[  33% ] [90m[1mupdate_scripts_classes[22m | [39m[0m
[  34% ] [90m[1mupdate_scripts_classes[22m | [39m[0m
[  34% ] [90m[1mupdate_scripts_classes[22m | [39m[0m
[  34% ] [90m[1mupdate_scripts_classes[22m | [39m[0m
[  35% ] [90m[1mupdate_scripts_classes[22m | [39m[0m
[  35% ] [90m[1mupdate_scripts_classes[22m | [39m[0m
[  36% ] [90m[1mupdate_scripts_classes[22m | [39m[0m
[  36% ] [90m[1mupdate_scripts_classes[22m | [39m[0m
[  36% ] [90m[1mupdate_scripts_classes[22m | [39m[0m
[  37% ] [90m[1mupdate_scripts_classes[22m | Wave020PresentationGates[39m[0m
[  37% ] [90m[1mupdate_scripts_classes[22m | MotionContributionService[39m[0m
[  38% ] [90m[1mupdate_scripts_classes[22m | MotionReviewService[39m[0m
[  38% ] [90m[1mupdate_scripts_classes[22m | AntiTamper[39m[0m
[  38% ] [90m[1mupdate_scripts_classes[22m | DisconnectPolicy[39m[0m
[  39% ] [90m[1mupdate_scripts_classes[22m | MatchmakingDev[39m[0m
[  39% ] [90m[1mupdate_scripts_classes[22m | NetworkSim[39m[0m
[  40% ] [90m[1mupdate_scripts_classes[22m | OnlineMatchmakingArchitecture[39m[0m
[  40% ] [90m[1mupdate_scripts_classes[22m | OnlineProtocol[39m[0m
[  40% ] [90m[1mupdate_scripts_classes[22m | PrivateNetplayStack[39m[0m
[  41% ] [90m[1mupdate_scripts_classes[22m | ReplayStore[39m[0m
[  41% ] [90m[1mupdate_scripts_classes[22m | RollbackLatencyPolicy[39m[0m
[  42% ] [90m[1mupdate_scripts_classes[22m | RollbackSessionGd[39m[0m
[  42% ] [90m[1mupdate_scripts_classes[22m | OnlineSessionState[39m[0m
[  42% ] [90m[1mupdate_scripts_classes[22m | TournamentRooms[39m[0m
[  43% ] [90m[1mupdate_scripts_classes[22m | ConsolePlatformBridge[39m[0m
[  43% ] [90m[1mupdate_scripts_classes[22m | PlatformServices[39m[0m
[  44% ] [90m[1mupdate_scripts_classes[22m | [39m[0m
[  44% ] [90m[1mupdate_scripts_classes[22m | [39m[0m
[  44% ] [90m[1mupdate_scripts_classes[22m | [39m[0m
[  45% ] [90m[1mupdate_scripts_classes[22m | [39m[0m
[  45% ] [90m[1mupdate_scripts_classes[22m | [39m[0m
[  46% ] [90m[1mupdate_scripts_classes[22m | [39m[0m
[  46% ] [90m[1mupdate_scripts_classes[22m | [39m[0m
[  46% ] [90m[1mupdate_scripts_classes[22m | TrainingMoveBrowser[39m[0m
[  47% ] [90m[1mupdate_scripts_classes[22m | [39m[0m
[  47% ] [90m[1mupdate_scripts_classes[22m | [39m[0m
[  48% ] [90m[1mupdate_scripts_classes[22m | [39m[0m
[  48% ] [90m[1mupdate_scripts_classes[22m | [39m[0m
[  48% ] [90m[1mupdate_scripts_classes[22m | BattleHudPanel[39m[0m
[  49% ] [90m[1mupdate_scripts_classes[22m | [39m[0m
[  49% ] [90m[1mupdate_scripts_classes[22m | ConsoleMenuBase[39m[0m
[  50% ] [90m[1mupdate_scripts_classes[22m | [39m[0m
[  50% ] [90m[1mupdate_scripts_classes[22m | FighterCardPortrait[39m[0m
[  51% ] [90m[1mupdate_scripts_classes[22m | [39m[0m
[  51% ] [90m[1mupdate_scripts_classes[22m | [39m[0m
[  51% ] [90m[1mupdate_scripts_classes[22m | LockinNameCallout[39m[0m
[  52% ] [90m[1mupdate_scripts_classes[22m | [39m[0m
[  52% ] [90m[1mupdate_scripts_classes[22m | [39m[0m
[  53% ] [90m[1mupdate_scripts_classes[22m | [39m[0m
[  53% ] [90m[1mupdate_scripts_classes[22m | [39m[0m
[  53% ] [90m[1mupdate_scripts_classes[22m | AnimationEventBridge[39m[0m
[  54% ] [90m[1mupdate_scripts_classes[22m | ArtDirectionContract[39m[0m
[  54% ] [90m[1mupdate_scripts_classes[22m | ArtSourceReviewOverlay[39m[0m
[  55% ] [90m[1mupdate_scripts_classes[22m | CriticalLaunchCue[39m[0m
[  55% ] [90m[1mupdate_scripts_classes[22m | ElementalMaterialContract[39m[0m
[  55% ] [90m[1mupdate_scripts_classes[22m | ElementalParticleLibrary[39m[0m
[  56% ] [90m[1mupdate_scripts_classes[22m | ElementalVfxFamily[39m[0m
[  56% ] [90m[1mupdate_scripts_classes[22m | FighterAnimationController[39m[0m
[  57% ] [90m[1mupdate_scripts_classes[22m | FighterAssetResolver[39m[0m
[  57% ] [90m[1mupdate_scripts_classes[22m | FighterMaterialController[39m[0m
[  57% ] [90m[1mupdate_scripts_classes[22m | FighterPresentationCache[39m[0m
[  58% ] [90m[1mupdate_scripts_classes[22m | GeometryAutoFit[39m[0m
[  58% ] [90m[1mupdate_scripts_classes[22m | LaunchTrailSystem[39m[0m
[  59% ] [90m[1mupdate_scripts_classes[22m | MoveVfxDirector[39m[0m
[  59% ] [90m[1mupdate_scripts_classes[22m | PresentationContext[39m[0m
[  59% ] [90m[1mupdate_scripts_classes[22m | ProceduralBoneMap[39m[0m
[  60% ] [90m[1mupdate_scripts_classes[22m | RuntimeMoveResolver[39m[0m
[  60% ] [90m[1mupdate_scripts_classes[22m | SignatureMovePresentation[39m[0m
[  61% ] [90m[1mupdate_scripts_classes[22m | SignatureNameRegistry[39m[0m
[  61% ] [90m[1mupdate_scripts_classes[22m | Vxp2AccessibilityChrome[39m[0m
[  61% ] [90m[1mupdate_scripts_classes[22m | Vxp2Brand[39m[0m
[  62% ] [90m[1mupdate_scripts_classes[22m | [39m[0m
[  62% ] [90m[1mupdate_scripts_classes[22m | Vxp2GlyphStrip[39m[0m
[  63% ] [90m[1mupdate_scripts_classes[22m | [39m[0m
[  63% ] [90m[1mupdate_scripts_classes[22m | [39m[0m
[  63% ] [90m[1mupdate_scripts_classes[22m | [39m[0m
[  64% ] [90m[1mupdate_scripts_classes[22m | [39m[0m
[  64% ] [90m[1mupdate_scripts_classes[22m | [39m[0m
[  65% ] [90m[1mupdate_scripts_classes[22m | [39m[0m
[  65% ] [90m[1mupdate_scripts_classes[22m | Wave011EvidenceCommon[39m[0m
[  65% ] [90m[1mupdate_scripts_classes[22m | [39m[0m
[  66% ] [90m[1mupdate_scripts_classes[22m | [39m[0m
[  66% ] [90m[1mupdate_scripts_classes[22m | [39m[0m
[  67% ] [90m[1mupdate_scripts_classes[22m | [39m[0m
[  67% ] [90m[1mupdate_scripts_classes[22m | [39m[0m
[  68% ] [90m[1mupdate_scripts_classes[22m | [39m[0m
[  68% ] [90m[1mupdate_scripts_classes[22m | [39m[0m
[  68% ] [90m[1mupdate_scripts_classes[22m | [39m[0m
[  69% ] [90m[1mupdate_scripts_classes[22m | [39m[0m
[  69% ] [90m[1mupdate_scripts_classes[22m | [39m[0m
[  70% ] [90m[1mupdate_scripts_classes[22m | [39m[0m
[  70% ] [90m[1mupdate_scripts_classes[22m | [39m[0m
[  70% ] [90m[1mupdate_scripts_classes[22m | [39m[0m
[  71% ] [90m[1mupdate_scripts_classes[22m | [39m[0m
[  71% ] [90m[1mupdate_scripts_classes[22m | [39m[0m
[  72% ] [90m[1mupdate_scripts_classes[22m | [39m[0m
[  72% ] [90m[1mupdate_scripts_classes[22m | [39m[0m
[  72% ] [90m[1mupdate_scripts_classes[22m | [39m[0m
[  73% ] [90m[1mupdate_scripts_classes[22m | [39m[0m
[  73% ] [90m[1mupdate_scripts_classes[22m | [39m[0m
[  74% ] [90m[1mupdate_scripts_classes[22m | [39m[0m
[  74% ] [90m[1mupdate_scripts_classes[22m | [39m[0m
[  74% ] [90m[1mupdate_scripts_classes[22m | [39m[0m
[  75% ] [90m[1mupdate_scripts_classes[22m | [39m[0m
[  75% ] [90m[1mupdate_scripts_classes[22m | [39m[0m
[  76% ] [90m[1mupdate_scripts_classes[22m | [39m[0m
[  76% ] [90m[1mupdate_scripts_classes[22m | [39m[0m
[  76% ] [90m[1mupdate_scripts_classes[22m | [39m[0m
[  77% ] [90m[1mupdate_scripts_classes[22m | [39m[0m
[  77% ] [90m[1mupdate_scripts_classes[22m | [39m[0m
[  78% ] [90m[1mupdate_scripts_classes[22m | [39m[0m
[  78% ] [90m[1mupdate_scripts_classes[22m | [39m[0m
[  78% ] [90m[1mupdate_scripts_classes[22m | [39m[0m
[  79% ] [90m[1mupdate_scripts_classes[22m | [39m[0m
[  79% ] [90m[1mupdate_scripts_classes[22m | [39m[0m
[  80% ] [90m[1mupdate_scripts_classes[22m | [39m[0m
[  80% ] [90m[1mupdate_scripts_classes[22m | [39m[0m
[  80% ] [90m[1mupdate_scripts_classes[22m | [39m[0m
[  81% ] [90m[1mupdate_scripts_classes[22m | [39m[0m
[  81% ] [90m[1mupdate_scripts_classes[22m | [39m[0m
[  82% ] [90m[1mupdate_scripts_classes[22m | [39m[0m
[  82% ] [90m[1mupdate_scripts_classes[22m | [39m[0m
[  82% ] [90m[1mupdate_scripts_classes[22m | [39m[0m
[  83% ] [90m[1mupdate_scripts_classes[22m | [39m[0m
[  83% ] [90m[1mupdate_scripts_classes[22m | [39m[0m
[  84% ] [90m[1mupdate_scripts_classes[22m | [39m[0m
[  84% ] [90m[1mupdate_scripts_classes[22m | [39m[0m
[  85% ] [90m[1mupdate_scripts_classes[22m | [39m[0m
[  85% ] [90m[1mupdate_scripts_classes[22m | [39m[0m
[  85% ] [90m[1mupdate_scripts_classes[22m | [39m[0m
[  86% ] [90m[1mupdate_scripts_classes[22m | [39m[0m
[  86% ] [90m[1mupdate_scripts_classes[22m | [39m[0m
[  87% ] [90m[1mupdate_scripts_classes[22m | [39m[0m
[  87% ] [90m[1mupdate_scripts_classes[22m | [39m[0m
[  87% ] [90m[1mupdate_scripts_classes[22m | [39m[0m
[  88% ] [90m[1mupdate_scripts_classes[22m | [39m[0m
[  88% ] [90m[1mupdate_scripts_classes[22m | [39m[0m
[  89% ] [90m[1mupdate_scripts_classes[22m | [39m[0m
[  89% ] [90m[1mupdate_scripts_classes[22m | [39m[0m
[  89% ] [90m[1mupdate_scripts_classes[22m | [39m[0m
[  90% ] [90m[1mupdate_scripts_classes[22m | [39m[0m
[  90% ] [90m[1mupdate_scripts_classes[22m | [39m[0m
[  91% ] [90m[1mupdate_scripts_classes[22m | [39m[0m
[  91% ] [90m[1mupdate_scripts_classes[22m | [39m[0m
[  91% ] [90m[1mupdate_scripts_classes[22m | [39m[0m
[  92% ] [90m[1mupdate_scripts_classes[22m | SmokeAnimeAlphaExit[39m[0m
[  92% ] [90m[1mupdate_scripts_classes[22m | SmokeAnimeBetaContent[39m[0m
[  93% ] [90m[1mupdate_scripts_classes[22m | SmokeAnimeDigitalRc[39m[0m
[  93% ] [90m[1mupdate_scripts_classes[22m | SmokeAssert[39m[0m
[  93% ] [90m[1mupdate_scripts_classes[22m | SmokeBattleScene[39m[0m
[  94% ] [90m[1mupdate_scripts_classes[22m | SmokeBoot[39m[0m
[  94% ] [90m[1mupdate_scripts_classes[22m | SmokeCombatDepth[39m[0m
[  95% ] [90m[1mupdate_scripts_classes[22m | SmokeDataLoad[39m[0m
[  95% ] [90m[1mupdate_scripts_classes[22m | SmokeDeviceA11yTelemetry[39m[0m
[  95% ] [90m[1mupdate_scripts_classes[22m | SmokeFighterScene[39m[0m
[  96% ] [90m[1mupdate_scripts_classes[22m | SmokeGameRcAchievements[39m[0m
[  96% ] [90m[1mupdate_scripts_classes[22m | SmokeMatchLoop[39m[0m
[  97% ] [90m[1mupdate_scripts_classes[22m | SmokeReleaseMode[39m[0m
[  97% ] [90m[1mupdate_scripts_classes[22m | [39m[0m
[  97% ] [90m[1mupdate_scripts_classes[22m | [39m[0m
[  98% ] [90m[1mupdate_scripts_classes[22m | SmokeTrainingScene[39m[0m
[  98% ] [90m[1mupdate_scripts_classes[22m | SmokeWaveD2AlphaExit[39m[0m
[  99% ] [90m[1mupdate_scripts_classes[22m | SmokeWaveDAlpha[39m[0m
[92m[ DONE ][39m [1mupdate_scripts_classes[22m
[0m
[   0% ] [90m[1m_update_scan_actions[22m | Started Scanning actions... (324 steps)[39m[0m
[   0% ] [90m[1m_update_scan_actions[22m | name_motif_ember-vale.wav[39m[0m
[   0% ] [90m[1m_update_scan_actions[22m | name_motif_juno-spark.wav[39m[0m
[   0% ] [90m[1m_update_scan_actions[22m | name_motif_kaia-windrow.wav[39m[0m
[   0% ] [90m[1m_update_scan_actions[22m | name_motif_nix-calder.wav[39m[0m
[   1% ] [90m[1m_update_scan_actions[22m | name_motif_orion-vell.wav[39m[0m
[   1% ] [90m[1m_update_scan_actions[22m | name_motif_rook-ironside.wav[39m[0m
[   1% ] [90m[1m_update_scan_actions[22m | name_motif_vesper-nyx.wav[39m[0m
[   2% ] [90m[1m_update_scan_actions[22m | launch_critical_ember-vale.wav[39m[0m
[   2% ] [90m[1m_update_scan_actions[22m | launch_critical_juno-spark.wav[39m[0m
[   2% ] [90m[1m_update_scan_actions[22m | launch_critical_kaia-windrow.wav[39m[0m
[   3% ] [90m[1m_update_scan_actions[22m | launch_critical_nix-calder.wav[39m[0m
[   3% ] [90m[1m_update_scan_actions[22m | launch_critical_orion-vell.wav[39m[0m
[   3% ] [90m[1m_update_scan_actions[22m | launch_critical_rook-ironside.wav[39m[0m
[   4% ] [90m[1m_update_scan_actions[22m | launch_critical_vesper-nyx.wav[39m[0m
[   4% ] [90m[1m_update_scan_actions[22m | aura_burst.wav[39m[0m
[   4% ] [90m[1m_update_scan_actions[22m | aura_charge.wav[39m[0m
[   4% ] [90m[1m_update_scan_actions[22m | dash_attack.wav[39m[0m
[   5% ] [90m[1m_update_scan_actions[22m | down_air.wav[39m[0m
[   5% ] [90m[1m_update_scan_actions[22m | down_special.wav[39m[0m
[   5% ] [90m[1m_update_scan_actions[22m | down_tilt.wav[39m[0m
[   6% ] [90m[1m_update_scan_actions[22m | forward_air.wav[39m[0m
[   6% ] [90m[1m_update_scan_actions[22m | forward_tilt.wav[39m[0m
[   6% ] [90m[1m_update_scan_actions[22m | grab.wav[39m[0m
[   7% ] [90m[1m_update_scan_actions[22m | heavy_attack.wav[39m[0m
[   7% ] [90m[1m_update_scan_actions[22m | jab_1.wav[39m[0m
[   7% ] [90m[1m_update_scan_actions[22m | jab_2.wav[39m[0m
[   8% ] [90m[1m_update_scan_actions[22m | jab_finisher.wav[39m[0m
[   8% ] [90m[1m_update_scan_actions[22m | neutral_air.wav[39m[0m
[   8% ] [90m[1m_update_scan_actions[22m | neutral_special_projectile.wav[39m[0m
[   8% ] [90m[1m_update_scan_actions[22m | side_special.wav[39m[0m
[   9% ] [90m[1m_update_scan_actions[22m | throw_back.wav[39m[0m
[   9% ] [90m[1m_update_scan_actions[22m | throw_down.wav[39m[0m
[   9% ] [90m[1m_update_scan_actions[22m | throw_forward.wav[39m[0m
[  10% ] [90m[1m_update_scan_actions[22m | throw_up.wav[39m[0m
[  10% ] [90m[1m_update_scan_actions[22m | up_air.wav[39m[0m
[  10% ] [90m[1m_update_scan_actions[22m | up_special_recovery.wav[39m[0m
[  11% ] [90m[1m_update_scan_actions[22m | up_tilt.wav[39m[0m
[  11% ] [90m[1m_update_scan_actions[22m | aura_burst.wav[39m[0m
[  11% ] [90m[1m_update_scan_actions[22m | aura_charge.wav[39m[0m
[  12% ] [90m[1m_update_scan_actions[22m | dash_attack.wav[39m[0m
[  12% ] [90m[1m_update_scan_actions[22m | down_air.wav[39m[0m
[  12% ] [90m[1m_update_scan_actions[22m | down_special.wav[39m[0m
[  12% ] [90m[1m_update_scan_actions[22m | down_tilt.wav[39m[0m
[  13% ] [90m[1m_update_scan_actions[22m | forward_air.wav[39m[0m
[  13% ] [90m[1m_update_scan_actions[22m | forward_tilt.wav[39m[0m
[  13% ] [90m[1m_update_scan_actions[22m | grab.wav[39m[0m
[  14% ] [90m[1m_update_scan_actions[22m | heavy_attack.wav[39m[0m
[  14% ] [90m[1m_update_scan_actions[22m | jab_1.wav[39m[0m
[  14% ] [90m[1m_update_scan_actions[22m | jab_2.wav[39m[0m
[  15% ] [90m[1m_update_scan_actions[22m | jab_finisher.wav[39m[0m
[  15% ] [90m[1m_update_scan_actions[22m | neutral_air.wav[39m[0m
[  15% ] [90m[1m_update_scan_actions[22m | neutral_special_projectile.wav[39m[0m
[  16% ] [90m[1m_update_scan_actions[22m | side_special.wav[39m[0m
[  16% ] [90m[1m_update_scan_actions[22m | throw_back.wav[39m[0m
[  16% ] [90m[1m_update_scan_actions[22m | throw_down.wav[39m[0m
[  16% ] [90m[1m_update_scan_actions[22m | throw_forward.wav[39m[0m
[  17% ] [90m[1m_update_scan_actions[22m | throw_up.wav[39m[0m
[  17% ] [90m[1m_update_scan_actions[22m | up_air.wav[39m[0m
[  17% ] [90m[1m_update_scan_actions[22m | up_special_recovery.wav[39m[0m
[  18% ] [90m[1m_update_scan_actions[22m | up_tilt.wav[39m[0m
[  18% ] [90m[1m_update_scan_actions[22m | aura_burst.wav[39m[0m
[  18% ] [90m[1m_update_scan_actions[22m | aura_charge.wav[39m[0m
[  19% ] [90m[1m_update_scan_actions[22m | dash_attack.wav[39m[0m
[  19% ] [90m[1m_update_scan_actions[22m | down_air.wav[39m[0m
[  19% ] [90m[1m_update_scan_actions[22m | down_special.wav[39m[0m
[  20% ] [90m[1m_update_scan_actions[22m | down_tilt.wav[39m[0m
[  20% ] [90m[1m_update_scan_actions[22m | forward_air.wav[39m[0m
[  20% ] [90m[1m_update_scan_actions[22m | forward_tilt.wav[39m[0m
[  20% ] [90m[1m_update_scan_actions[22m | grab.wav[39m[0m
[  21% ] [90m[1m_update_scan_actions[22m | heavy_attack.wav[39m[0m
[  21% ] [90m[1m_update_scan_actions[22m | jab_1.wav[39m[0m
[  21% ] [90m[1m_update_scan_actions[22m | jab_2.wav[39m[0m
[  22% ] [90m[1m_update_scan_actions[22m | jab_finisher.wav[39m[0m
[  22% ] [90m[1m_update_scan_actions[22m | neutral_air.wav[39m[0m
[  22% ] [90m[1m_update_scan_actions[22m | neutral_special_projectile.wav[39m[0m
[  23% ] [90m[1m_update_scan_actions[22m | side_special.wav[39m[0m
[  23% ] [90m[1m_update_scan_actions[22m | throw_back.wav[39m[0m
[  23% ] [90m[1m_update_scan_actions[22m | throw_down.wav[39m[0m
[  24% ] [90m[1m_update_scan_actions[22m | throw_forward.wav[39m[0m
[  24% ] [90m[1m_update_scan_actions[22m | throw_up.wav[39m[0m
[  24% ] [90m[1m_update_scan_actions[22m | up_air.wav[39m[0m
[  24% ] [90m[1m_update_scan_actions[22m | up_special_recovery.wav[39m[0m
[  25% ] [90m[1m_update_scan_actions[22m | up_tilt.wav[39m[0m
[  25% ] [90m[1m_update_scan_actions[22m | aura_burst.wav[39m[0m
[  25% ] [90m[1m_update_scan_actions[22m | aura_charge.wav[39m[0m
[  26% ] [90m[1m_update_scan_actions[22m | dash_attack.wav[39m[0m
[  26% ] [90m[1m_update_scan_actions[22m | down_air.wav[39m[0m
[  26% ] [90m[1m_update_scan_actions[22m | down_special.wav[39m[0m
[  27% ] [90m[1m_update_scan_actions[22m | down_tilt.wav[39m[0m
[  27% ] [90m[1m_update_scan_actions[22m | forward_air.wav[39m[0m
[  27% ] [90m[1m_update_scan_actions[22m | forward_tilt.wav[39m[0m
[  28% ] [90m[1m_update_scan_actions[22m | grab.wav[39m[0m
[  28% ] [90m[1m_update_scan_actions[22m | heavy_attack.wav[39m[0m
[  28% ] [90m[1m_update_scan_actions[22m | jab_1.wav[39m[0m
[  28% ] [90m[1m_update_scan_actions[22m | jab_2.wav[39m[0m
[  29% ] [90m[1m_update_scan_actions[22m | jab_finisher.wav[39m[0m
[  29% ] [90m[1m_update_scan_actions[22m | neutral_air.wav[39m[0m
[  29% ] [90m[1m_update_scan_actions[22m | neutral_special_projectile.wav[39m[0m
[  30% ] [90m[1m_update_scan_actions[22m | side_special.wav[39m[0m
[  30% ] [90m[1m_update_scan_actions[22m | throw_back.wav[39m[0m
[  30% ] [90m[1m_update_scan_actions[22m | throw_down.wav[39m[0m
[  31% ] [90m[1m_update_scan_actions[22m | throw_forward.wav[39m[0m
[  31% ] [90m[1m_update_scan_actions[22m | throw_up.wav[39m[0m
[  31% ] [90m[1m_update_scan_actions[22m | up_air.wav[39m[0m
[  32% ] [90m[1m_update_scan_actions[22m | up_special_recovery.wav[39m[0m
[  32% ] [90m[1m_update_scan_actions[22m | up_tilt.wav[39m[0m
[  32% ] [90m[1m_update_scan_actions[22m | aura_burst.wav[39m[0m
[  32% ] [90m[1m_update_scan_actions[22m | aura_charge.wav[39m[0m
[  33% ] [90m[1m_update_scan_actions[22m | dash_attack.wav[39m[0m
[  33% ] [90m[1m_update_scan_actions[22m | down_air.wav[39m[0m
[  33% ] [90m[1m_update_scan_actions[22m | down_special.wav[39m[0m
[  34% ] [90m[1m_update_scan_actions[22m | down_tilt.wav[39m[0m
[  34% ] [90m[1m_update_scan_actions[22m | forward_air.wav[39m[0m
[  34% ] [90m[1m_update_scan_actions[22m | forward_tilt.wav[39m[0m
[  35% ] [90m[1m_update_scan_actions[22m | grab.wav[39m[0m
[  35% ] [90m[1m_update_scan_actions[22m | heavy_attack.wav[39m[0m
[  35% ] [90m[1m_update_scan_actions[22m | jab_1.wav[39m[0m
[  36% ] [90m[1m_update_scan_actions[22m | jab_2.wav[39m[0m
[  36% ] [90m[1m_update_scan_actions[22m | jab_finisher.wav[39m[0m
[  36% ] [90m[1m_update_scan_actions[22m | neutral_air.wav[39m[0m
[  36% ] [90m[1m_update_scan_actions[22m | neutral_special_projectile.wav[39m[0m
[  37% ] [90m[1m_update_scan_actions[22m | side_special.wav[39m[0m
[  37% ] [90m[1m_update_scan_actions[22m | throw_back.wav[39m[0m
[  37% ] [90m[1m_update_scan_actions[22m | throw_down.wav[39m[0m
[  38% ] [90m[1m_update_scan_actions[22m | throw_forward.wav[39m[0m
[  38% ] [90m[1m_update_scan_actions[22m | throw_up.wav[39m[0m
[  38% ] [90m[1m_update_scan_actions[22m | up_air.wav[39m[0m
[  39% ] [90m[1m_update_scan_actions[22m | up_special_recovery.wav[39m[0m
[  39% ] [90m[1m_update_scan_actions[22m | up_tilt.wav[39m[0m
[  39% ] [90m[1m_update_scan_actions[22m | aura_burst.wav[39m[0m
[  40% ] [90m[1m_update_scan_actions[22m | aura_charge.wav[39m[0m
[  40% ] [90m[1m_update_scan_actions[22m | dash_attack.wav[39m[0m
[  40% ] [90m[1m_update_scan_actions[22m | down_air.wav[39m[0m
[  40% ] [90m[1m_update_scan_actions[22m | down_special.wav[39m[0m
[  41% ] [90m[1m_update_scan_actions[22m | down_tilt.wav[39m[0m
[  41% ] [90m[1m_update_scan_actions[22m | forward_air.wav[39m[0m
[  41% ] [90m[1m_update_scan_actions[22m | forward_tilt.wav[39m[0m
[  42% ] [90m[1m_update_scan_actions[22m | grab.wav[39m[0m
[  42% ] [90m[1m_update_scan_actions[22m | heavy_attack.wav[39m[0m
[  42% ] [90m[1m_update_scan_actions[22m | jab_1.wav[39m[0m
[  43% ] [90m[1m_update_scan_actions[22m | jab_2.wav[39m[0m
[  43% ] [90m[1m_update_scan_actions[22m | jab_finisher.wav[39m[0m
[  43% ] [90m[1m_update_scan_actions[22m | neutral_air.wav[39m[0m
[  44% ] [90m[1m_update_scan_actions[22m | neutral_special_projectile.wav[39m[0m
[  44% ] [90m[1m_update_scan_actions[22m | side_special.wav[39m[0m
[  44% ] [90m[1m_update_scan_actions[22m | throw_back.wav[39m[0m
[  44% ] [90m[1m_update_scan_actions[22m | throw_down.wav[39m[0m
[  45% ] [90m[1m_update_scan_actions[22m | throw_forward.wav[39m[0m
[  45% ] [90m[1m_update_scan_actions[22m | throw_up.wav[39m[0m
[  45% ] [90m[1m_update_scan_actions[22m | up_air.wav[39m[0m
[  46% ] [90m[1m_update_scan_actions[22m | up_special_recovery.wav[39m[0m
[  46% ] [90m[1m_update_scan_actions[22m | up_tilt.wav[39m[0m
[  46% ] [90m[1m_update_scan_actions[22m | aura_burst.wav[39m[0m
[  47% ] [90m[1m_update_scan_actions[22m | aura_charge.wav[39m[0m
[  47% ] [90m[1m_update_scan_actions[22m | dash_attack.wav[39m[0m
[  47% ] [90m[1m_update_scan_actions[22m | down_air.wav[39m[0m
[  48% ] [90m[1m_update_scan_actions[22m | down_special.wav[39m[0m
[  48% ] [90m[1m_update_scan_actions[22m | down_tilt.wav[39m[0m
[  48% ] [90m[1m_update_scan_actions[22m | forward_air.wav[39m[0m
[  48% ] [90m[1m_update_scan_actions[22m | forward_tilt.wav[39m[0m
[  49% ] [90m[1m_update_scan_actions[22m | grab.wav[39m[0m
[  49% ] [90m[1m_update_scan_actions[22m | heavy_attack.wav[39m[0m
[  49% ] [90m[1m_update_scan_actions[22m | jab_1.wav[39m[0m
[  50% ] [90m[1m_update_scan_actions[22m | jab_2.wav[39m[0m
[  50% ] [90m[1m_update_scan_actions[22m | jab_finisher.wav[39m[0m
[  50% ] [90m[1m_update_scan_actions[22m | neutral_air.wav[39m[0m
[  51% ] [90m[1m_update_scan_actions[22m | neutral_special_projectile.wav[39m[0m
[  51% ] [90m[1m_update_scan_actions[22m | side_special.wav[39m[0m
[  51% ] [90m[1m_update_scan_actions[22m | throw_back.wav[39m[0m
[  52% ] [90m[1m_update_scan_actions[22m | throw_down.wav[39m[0m
[  52% ] [90m[1m_update_scan_actions[22m | throw_forward.wav[39m[0m
[  52% ] [90m[1m_update_scan_actions[22m | throw_up.wav[39m[0m
[  52% ] [90m[1m_update_scan_actions[22m | up_air.wav[39m[0m
[  53% ] [90m[1m_update_scan_actions[22m | up_special_recovery.wav[39m[0m
[  53% ] [90m[1m_update_scan_actions[22m | up_tilt.wav[39m[0m
[  53% ] [90m[1m_update_scan_actions[22m | charge.wav[39m[0m
[  54% ] [90m[1m_update_scan_actions[22m | defense.wav[39m[0m
[  54% ] [90m[1m_update_scan_actions[22m | hit.wav[39m[0m
[  54% ] [90m[1m_update_scan_actions[22m | ko.wav[39m[0m
[  55% ] [90m[1m_update_scan_actions[22m | move.wav[39m[0m
[  55% ] [90m[1m_update_scan_actions[22m | projectile.wav[39m[0m
[  55% ] [90m[1m_update_scan_actions[22m | signature.wav[39m[0m
[  56% ] [90m[1m_update_scan_actions[22m | vo_short.wav[39m[0m
[  56% ] [90m[1m_update_scan_actions[22m | charge.wav[39m[0m
[  56% ] [90m[1m_update_scan_actions[22m | defense.wav[39m[0m
[  56% ] [90m[1m_update_scan_actions[22m | hit.wav[39m[0m
[  57% ] [90m[1m_update_scan_actions[22m | ko.wav[39m[0m
[  57% ] [90m[1m_update_scan_actions[22m | move.wav[39m[0m
[  57% ] [90m[1m_update_scan_actions[22m | projectile.wav[39m[0m
[  58% ] [90m[1m_update_scan_actions[22m | signature.wav[39m[0m
[  58% ] [90m[1m_update_scan_actions[22m | vo_short.wav[39m[0m
[  58% ] [90m[1m_update_scan_actions[22m | charge.wav[39m[0m
[  59% ] [90m[1m_update_scan_actions[22m | defense.wav[39m[0m
[  59% ] [90m[1m_update_scan_actions[22m | hit.wav[39m[0m
[  59% ] [90m[1m_update_scan_actions[22m | ko.wav[39m[0m
[  60% ] [90m[1m_update_scan_actions[22m | move.wav[39m[0m
[  60% ] [90m[1m_update_scan_actions[22m | projectile.wav[39m[0m
[  60% ] [90m[1m_update_scan_actions[22m | signature.wav[39m[0m
[  60% ] [90m[1m_update_scan_actions[22m | vo_short.wav[39m[0m
[  61% ] [90m[1m_update_scan_actions[22m | charge.wav[39m[0m
[  61% ] [90m[1m_update_scan_actions[22m | defense.wav[39m[0m
[  61% ] [90m[1m_update_scan_actions[22m | hit.wav[39m[0m
[  62% ] [90m[1m_update_scan_actions[22m | ko.wav[39m[0m
[  62% ] [90m[1m_update_scan_actions[22m | move.wav[39m[0m
[  62% ] [90m[1m_update_scan_actions[22m | projectile.wav[39m[0m
[  63% ] [90m[1m_update_scan_actions[22m | signature.wav[39m[0m
[  63% ] [90m[1m_update_scan_actions[22m | vo_short.wav[39m[0m
[  63% ] [90m[1m_update_scan_actions[22m | charge.wav[39m[0m
[  64% ] [90m[1m_update_scan_actions[22m | defense.wav[39m[0m
[  64% ] [90m[1m_update_scan_actions[22m | hit.wav[39m[0m
[  64% ] [90m[1m_update_scan_actions[22m | ko.wav[39m[0m
[  64% ] [90m[1m_update_scan_actions[22m | move.wav[39m[0m
[  65% ] [90m[1m_update_scan_actions[22m | projectile.wav[39m[0m
[  65% ] [90m[1m_update_scan_actions[22m | signature.wav[39m[0m
[  65% ] [90m[1m_update_scan_actions[22m | vo_short.wav[39m[0m
[  66% ] [90m[1m_update_scan_actions[22m | charge.wav[39m[0m
[  66% ] [90m[1m_update_scan_actions[22m | defense.wav[39m[0m
[  66% ] [90m[1m_update_scan_actions[22m | hit.wav[39m[0m
[  67% ] [90m[1m_update_scan_actions[22m | ko.wav[39m[0m
[  67% ] [90m[1m_update_scan_actions[22m | move.wav[39m[0m
[  67% ] [90m[1m_update_scan_actions[22m | projectile.wav[39m[0m
[  68% ] [90m[1m_update_scan_actions[22m | signature.wav[39m[0m
[  68% ] [90m[1m_update_scan_actions[22m | vo_short.wav[39m[0m
[  68% ] [90m[1m_update_scan_actions[22m | charge.wav[39m[0m
[  68% ] [90m[1m_update_scan_actions[22m | defense.wav[39m[0m
[  69% ] [90m[1m_update_scan_actions[22m | hit.wav[39m[0m
[  69% ] [90m[1m_update_scan_actions[22m | ko.wav[39m[0m
[  69% ] [90m[1m_update_scan_actions[22m | move.wav[39m[0m
[  70% ] [90m[1m_update_scan_actions[22m | projectile.wav[39m[0m
[  70% ] [90m[1m_update_scan_actions[22m | signature.wav[39m[0m
[  70% ] [90m[1m_update_scan_actions[22m | vo_short.wav[39m[0m
[  71% ] [90m[1m_update_scan_actions[22m | charge.wav[39m[0m
[  71% ] [90m[1m_update_scan_actions[22m | defense.wav[39m[0m
[  71% ] [90m[1m_update_scan_actions[22m | hit.wav[39m[0m
[  72% ] [90m[1m_update_scan_actions[22m | ko.wav[39m[0m
[  72% ] [90m[1m_update_scan_actions[22m | launch_critical.wav[39m[0m
[  72% ] [90m[1m_update_scan_actions[22m | launch_high.wav[39m[0m
[  72% ] [90m[1m_update_scan_actions[22m | lockin_stinger.wav[39m[0m
[  73% ] [90m[1m_update_scan_actions[22m | move.wav[39m[0m
[  73% ] [90m[1m_update_scan_actions[22m | projectile.wav[39m[0m
[  73% ] [90m[1m_update_scan_actions[22m | ui_back.wav[39m[0m
[  74% ] [90m[1m_update_scan_actions[22m | ui_confirm.wav[39m[0m
[  74% ] [90m[1m_update_scan_actions[22m | ui_select.wav[39m[0m
[  74% ] [90m[1m_update_scan_actions[22m | bed.wav[39m[0m
[  75% ] [90m[1m_update_scan_actions[22m | bed.wav[39m[0m
[  75% ] [90m[1m_update_scan_actions[22m | bed.wav[39m[0m
[  75% ] [90m[1m_update_scan_actions[22m | bed.wav[39m[0m
[  76% ] [90m[1m_update_scan_actions[22m | bed.wav[39m[0m
[  76% ] [90m[1m_update_scan_actions[22m | bed.wav[39m[0m
[  76% ] [90m[1m_update_scan_actions[22m | glyph_back.png[39m[0m
[  76% ] [90m[1m_update_scan_actions[22m | glyph_back.svg[39m[0m
[  77% ] [90m[1m_update_scan_actions[22m | glyph_confirm.png[39m[0m
[  77% ] [90m[1m_update_scan_actions[22m | glyph_confirm.svg[39m[0m
[  77% ] [90m[1m_update_scan_actions[22m | glyph_fight.png[39m[0m
[  78% ] [90m[1m_update_scan_actions[22m | glyph_fight.svg[39m[0m
[  78% ] [90m[1m_update_scan_actions[22m | glyph_menu.png[39m[0m
[  78% ] [90m[1m_update_scan_actions[22m | glyph_menu.svg[39m[0m
[  79% ] [90m[1m_update_scan_actions[22m | glyph_touch.png[39m[0m
[  79% ] [90m[1m_update_scan_actions[22m | glyph_touch.svg[39m[0m
[  79% ] [90m[1m_update_scan_actions[22m | aa_hero_backdrop.png[39m[0m
[  80% ] [90m[1m_update_scan_actions[22m | aa_hero_backdrop.svg[39m[0m
[  80% ] [90m[1m_update_scan_actions[22m | aa_seal.png[39m[0m
[  80% ] [90m[1m_update_scan_actions[22m | aa_seal.svg[39m[0m
[  80% ] [90m[1m_update_scan_actions[22m | aa_seal_128.png[39m[0m
[  81% ] [90m[1m_update_scan_actions[22m | aa_seal_256.png[39m[0m
[  81% ] [90m[1m_update_scan_actions[22m | aa_wordmark.png[39m[0m
[  81% ] [90m[1m_update_scan_actions[22m | aa_wordmark.svg[39m[0m
[  82% ] [90m[1m_update_scan_actions[22m | aa_wordmark_960.png[39m[0m
[  82% ] [90m[1m_update_scan_actions[22m | launcher-icon.png[39m[0m
[  82% ] [90m[1m_update_scan_actions[22m | splash-icon.png[39m[0m
[  83% ] [90m[1m_update_scan_actions[22m | pipeline_proof.glb[39m[0m
[  83% ] [90m[1m_update_scan_actions[22m | pipeline_proof.glb[39m[0m
[  83% ] [90m[1m_update_scan_actions[22m | pipeline_proof.glb[39m[0m
[  84% ] [90m[1m_update_scan_actions[22m | pipeline_proof.glb[39m[0m
[  84% ] [90m[1m_update_scan_actions[22m | pipeline_proof.glb[39m[0m
[  84% ] [90m[1m_update_scan_actions[22m | pipeline_proof.glb[39m[0m
[  84% ] [90m[1m_update_scan_actions[22m | pipeline_proof.glb[39m[0m
[  85% ] [90m[1m_update_scan_actions[22m | ember-vale.glb[39m[0m
[  85% ] [90m[1m_update_scan_actions[22m | juno-spark.glb[39m[0m
[  85% ] [90m[1m_update_scan_actions[22m | kaia-windrow.glb[39m[0m
[  86% ] [90m[1m_update_scan_actions[22m | nix-calder.glb[39m[0m
[  86% ] [90m[1m_update_scan_actions[22m | orion-vell.glb[39m[0m
[  86% ] [90m[1m_update_scan_actions[22m | rook-ironside.glb[39m[0m
[  87% ] [90m[1m_update_scan_actions[22m | vesper-nyx.glb[39m[0m
[  87% ] [90m[1m_update_scan_actions[22m | ember-vale.glb[39m[0m
[  87% ] [90m[1m_update_scan_actions[22m | juno-spark.glb[39m[0m
[  88% ] [90m[1m_update_scan_actions[22m | kaia-windrow.glb[39m[0m
[  88% ] [90m[1m_update_scan_actions[22m | nix-calder.glb[39m[0m
[  88% ] [90m[1m_update_scan_actions[22m | orion-vell.glb[39m[0m
[  88% ] [90m[1m_update_scan_actions[22m | rook-ironside.glb[39m[0m
[  89% ] [90m[1m_update_scan_actions[22m | vesper-nyx.glb[39m[0m
[  89% ] [90m[1m_update_scan_actions[22m | stage_cascade-foundry.svg[39m[0m
[  89% ] [90m[1m_update_scan_actions[22m | stage_ember-courtyard.svg[39m[0m
[  90% ] [90m[1m_update_scan_actions[22m | stage_void-pier.svg[39m[0m
[  90% ] [90m[1m_update_scan_actions[22m | cascade-foundry.svg[39m[0m
[  90% ] [90m[1m_update_scan_actions[22m | ember-courtyard.svg[39m[0m
[  91% ] [90m[1m_update_scan_actions[22m | neon-rooftops.svg[39m[0m
[  91% ] [90m[1m_update_scan_actions[22m | skyline-arena.svg[39m[0m
[  91% ] [90m[1m_update_scan_actions[22m | training-grid.svg[39m[0m
[  92% ] [90m[1m_update_scan_actions[22m | void-pier.svg[39m[0m
[  92% ] [90m[1m_update_scan_actions[22m | ember-vale_procedural_proxy.glb[39m[0m
[  92% ] [90m[1m_update_scan_actions[22m | juno-spark_procedural_proxy.glb[39m[0m
[  92% ] [90m[1m_update_scan_actions[22m | kaia-windrow_procedural_proxy.glb[39m[0m
[  93% ] [90m[1m_update_scan_actions[22m | nix-calder_procedural_proxy.glb[39m[0m
[  93% ] [90m[1m_update_scan_actions[22m | orion-vell_procedural_proxy.glb[39m[0m
[  93% ] [90m[1m_update_scan_actions[22m | rook-ironside_procedural_proxy.glb[39m[0m
[  94% ] [90m[1m_update_scan_actions[22m | vesper-nyx_procedural_proxy.glb[39m[0m
[  94% ] [90m[1m_update_scan_actions[22m | ember-vale.glb[39m[0m
[  94% ] [90m[1m_update_scan_actions[22m | ember-vale_mage_texture.png[39m[0m
[  95% ] [90m[1m_update_scan_actions[22m | juno-spark.glb[39m[0m
[  95% ] [90m[1m_update_scan_actions[22m | juno-spark_rogue_texture.png[39m[0m
[  95% ] [90m[1m_update_scan_actions[22m | kaia-windrow.glb[39m[0m
[  96% ] [90m[1m_update_scan_actions[22m | kaia-windrow_rogue_texture.png[39m[0m
[  96% ] [90m[1m_update_scan_actions[22m | nix-calder.glb[39m[0m
[  96% ] [90m[1m_update_scan_actions[22m | nix-calder_skeleton_texture.png[39m[0m
[  96% ] [90m[1m_update_scan_actions[22m | orion-vell.glb[39m[0m
[  97% ] [90m[1m_update_scan_actions[22m | orion-vell_knight_texture.png[39m[0m
[  97% ] [90m[1m_update_scan_actions[22m | rook-ironside.glb[39m[0m
[  97% ] [90m[1m_update_scan_actions[22m | rook-ironside_barbarian_texture.png[39m[0m
[  98% ] [90m[1m_update_scan_actions[22m | vesper-nyx.glb[39m[0m
[  98% ] [90m[1m_update_scan_actions[22m | vesper-nyx_skeleton_texture.png[39m[0m
[  98% ] [90m[1m_update_scan_actions[22m | export_icon.png[39m[0m
[  99% ] [90m[1m_update_scan_actions[22m | icon.png[39m[0m
[  99% ] [90m[1m_update_scan_actions[22m | icon.svg[39m[0m
[92m[ DONE ][39m [1m_update_scan_actions[22m
[0m
[   0% ] [90m[1mreimport[22m | Started (Re)Importing Assets (324 steps)[39m[0m
[   0% ] [90m[1mreimport[22m | Preparing files to reimport...[39m[0m
[   0% ] [90m[1mreimport[22m | Preparing files to reimport...[39m[0m
[   0% ] [90m[1mreimport[22m | Preparing files to reimport...[39m[0m
[   0% ] [90m[1mreimport[22m | Preparing files to reimport...[39m[0m
[   1% ] [90m[1mreimport[22m | Preparing files to reimport...[39m[0m
[   1% ] [90m[1mreimport[22m | Preparing files to reimport...[39m[0m
[   1% ] [90m[1mreimport[22m | Preparing files to reimport...[39m[0m
[   2% ] [90m[1mreimport[22m | Preparing files to reimport...[39m[0m
[   2% ] [90m[1mreimport[22m | Preparing files to reimport...[39m[0m
[   2% ] [90m[1mreimport[22m | Preparing files to reimport...[39m[0m
[   3% ] [90m[1mreimport[22m | Preparing files to reimport...[39m[0m
[   3% ] [90m[1mreimport[22m | Preparing files to reimport...[39m[0m
[   3% ] [90m[1mreimport[22m | Preparing files to reimport...[39m[0m
[   4% ] [90m[1mreimport[22m | Preparing files to reimport...[39m[0m
[   4% ] [90m[1mreimport[22m | Preparing files to reimport...[39m[0m
[   4% ] [90m[1mreimport[22m | Preparing files to reimport...[39m[0m
[   4% ] [90m[1mreimport[22m | Preparing files to reimport...[39m[0m
[   5% ] [90m[1mreimport[22m | Preparing files to reimport...[39m[0m
[   5% ] [90m[1mreimport[22m | Preparing files to reimport...[39m[0m
[   5% ] [90m[1mreimport[22m | Preparing files to reimport...[39m[0m
[   6% ] [90m[1mreimport[22m | Preparing files to reimport...[39m[0m
[   6% ] [90m[1mreimport[22m | Preparing files to reimport...[39m[0m
[   6% ] [90m[1mreimport[22m | Preparing files to reimport...[39m[0m
[   7% ] [90m[1mreimport[22m | Preparing files to reimport...[39m[0m
[   7% ] [90m[1mreimport[22m | Preparing files to reimport...[39m[0m
[   7% ] [90m[1mreimport[22m | Preparing files to reimport...[39m[0m
[   8% ] [90m[1mreimport[22m | Preparing files to reimport...[39m[0m
[   8% ] [90m[1mreimport[22m | Preparing files to reimport...[39m[0m
[   8% ] [90m[1mreimport[22m | Preparing files to reimport...[39m[0m
[   8% ] [90m[1mreimport[22m | Preparing files to reimport...[39m[0m
[   9% ] [90m[1mreimport[22m | Preparing files to reimport...[39m[0m
[   9% ] [90m[1mreimport[22m | Preparing files to reimport...[39m[0m
[   9% ] [90m[1mreimport[22m | Preparing files to reimport...[39m[0m
[  10% ] [90m[1mreimport[22m | Preparing files to reimport...[39m[0m
[  10% ] [90m[1mreimport[22m | Preparing files to reimport...[39m[0m
[  10% ] [90m[1mreimport[22m | Preparing files to reimport...[39m[0m
[  11% ] [90m[1mreimport[22m | Preparing files to reimport...[39m[0m
[  11% ] [90m[1mreimport[22m | Preparing files to reimport...[39m[0m
[  11% ] [90m[1mreimport[22m | Preparing files to reimport...[39m[0m
[  12% ] [90m[1mreimport[22m | Preparing files to reimport...[39m[0m
[  12% ] [90m[1mreimport[22m | Preparing files to reimport...[39m[0m
[  12% ] [90m[1mreimport[22m | Preparing files to reimport...[39m[0m
[  12% ] [90m[1mreimport[22m | Preparing files to reimport...[39m[0m
[  13% ] [90m[1mreimport[22m | Preparing files to reimport...[39m[0m
[  13% ] [90m[1mreimport[22m | Preparing files to reimport...[39m[0m
[  13% ] [90m[1mreimport[22m | Preparing files to reimport...[39m[0m
[  14% ] [90m[1mreimport[22m | Preparing files to reimport...[39m[0m
[  14% ] [90m[1mreimport[22m | Preparing files to reimport...[39m[0m
[  14% ] [90m[1mreimport[22m | Preparing files to reimport...[39m[0m
[  15% ] [90m[1mreimport[22m | Preparing files to reimport...[39m[0m
[  15% ] [90m[1mreimport[22m | Preparing files to reimport...[39m[0m
[  15% ] [90m[1mreimport[22m | Preparing files to reimport...[39m[0m
[  16% ] [90m[1mreimport[22m | Preparing files to reimport...[39m[0m
[  16% ] [90m[1mreimport[22m | Preparing files to reimport...[39m[0m
[  16% ] [90m[1mreimport[22m | Preparing files to reimport...[39m[0m
[  16% ] [90m[1mreimport[22m | Preparing files to reimport...[39m[0m
[  17% ] [90m[1mreimport[22m | Preparing files to reimport...[39m[0m
[  17% ] [90m[1mreimport[22m | Preparing files to reimport...[39m[0m
[  17% ] [90m[1mreimport[22m | Preparing files to reimport...[39m[0m
[  18% ] [90m[1mreimport[22m | Preparing files to reimport...[39m[0m
[  18% ] [90m[1mreimport[22m | Preparing files to reimport...[39m[0m
[  18% ] [90m[1mreimport[22m | Preparing files to reimport...[39m[0m
[  19% ] [90m[1mreimport[22m | Preparing files to reimport...[39m[0m
[  19% ] [90m[1mreimport[22m | Preparing files to reimport...[39m[0m
[  19% ] [90m[1mreimport[22m | Preparing files to reimport...[39m[0m
[  20% ] [90m[1mreimport[22m | Preparing files to reimport...[39m[0m
[  20% ] [90m[1mreimport[22m | Preparing files to reimport...[39m[0m
[  20% ] [90m[1mreimport[22m | Preparing files to reimport...[39m[0m
[  20% ] [90m[1mreimport[22m | Preparing files to reimport...[39m[0m
[  21% ] [90m[1mreimport[22m | Preparing files to reimport...[39m[0m
[  21% ] [90m[1mreimport[22m | Preparing files to reimport...[39m[0m
[  21% ] [90m[1mreimport[22m | Preparing files to reimport...[39m[0m
[  22% ] [90m[1mreimport[22m | Preparing files to reimport...[39m[0m
[  22% ] [90m[1mreimport[22m | Preparing files to reimport...[39m[0m
[  22% ] [90m[1mreimport[22m | Preparing files to reimport...[39m[0m
[  23% ] [90m[1mreimport[22m | Preparing files to reimport...[39m[0m
[  23% ] [90m[1mreimport[22m | Preparing files to reimport...[39m[0m
[  23% ] [90m[1mreimport[22m | Preparing files to reimport...[39m[0m
[  24% ] [90m[1mreimport[22m | Preparing files to reimport...[39m[0m
[  24% ] [90m[1mreimport[22m | Preparing files to reimport...[39m[0m
[  24% ] [90m[1mreimport[22m | Preparing files to reimport...[39m[0m
[  24% ] [90m[1mreimport[22m | Preparing files to reimport...[39m[0m
[  25% ] [90m[1mreimport[22m | Preparing files to reimport...[39m[0m
[  25% ] [90m[1mreimport[22m | Preparing files to reimport...[39m[0m
[  25% ] [90m[1mreimport[22m | Preparing files to reimport...[39m[0m
[  26% ] [90m[1mreimport[22m | Preparing files to reimport...[39m[0m
[  26% ] [90m[1mreimport[22m | Preparing files to reimport...[39m[0m
[  26% ] [90m[1mreimport[22m | Preparing files to reimport...[39m[0m
[  27% ] [90m[1mreimport[22m | Preparing files to reimport...[39m[0m
[  27% ] [90m[1mreimport[22m | Preparing files to reimport...[39m[0m
[  27% ] [90m[1mreimport[22m | Preparing files to reimport...[39m[0m
[  28% ] [90m[1mreimport[22m | Preparing files to reimport...[39m[0m
[  28% ] [90m[1mreimport[22m | Preparing files to reimport...[39m[0m
[  28% ] [90m[1mreimport[22m | Preparing files to reimport...[39m[0m
[  28% ] [90m[1mreimport[22m | Preparing files to reimport...[39m[0m
[  29% ] [90m[1mreimport[22m | Preparing files to reimport...[39m[0m
[  29% ] [90m[1mreimport[22m | Preparing files to reimport...[39m[0m
[  29% ] [90m[1mreimport[22m | Preparing files to reimport...[39m[0m
[  30% ] [90m[1mreimport[22m | Preparing files to reimport...[39m[0m
[  30% ] [90m[1mreimport[22m | Preparing files to reimport...[39m[0m
[  30% ] [90m[1mreimport[22m | Preparing files to reimport...[39m[0m
[  31% ] [90m[1mreimport[22m | Preparing files to reimport...[39m[0m
[  31% ] [90m[1mreimport[22m | Preparing files to reimport...[39m[0m
[  31% ] [90m[1mreimport[22m | Preparing files to reimport...[39m[0m
[  32% ] [90m[1mreimport[22m | Preparing files to reimport...[39m[0m
[  32% ] [90m[1mreimport[22m | Preparing files to reimport...[39m[0m
[  32% ] [90m[1mreimport[22m | Preparing files to reimport...[39m[0m
[  32% ] [90m[1mreimport[22m | Preparing files to reimport...[39m[0m
[  33% ] [90m[1mreimport[22m | Preparing files to reimport...[39m[0m
[  33% ] [90m[1mreimport[22m | Preparing files to reimport...[39m[0m
[  33% ] [90m[1mreimport[22m | Preparing files to reimport...[39m[0m
[  34% ] [90m[1mreimport[22m | Preparing files to reimport...[39m[0m
[  34% ] [90m[1mreimport[22m | Preparing files to reimport...[39m[0m
[  34% ] [90m[1mreimport[22m | Preparing files to reimport...[39m[0m
[  35% ] [90m[1mreimport[22m | Preparing files to reimport...[39m[0m
[  35% ] [90m[1mreimport[22m | Preparing files to reimport...[39m[0m
[  35% ] [90m[1mreimport[22m | Preparing files to reimport...[39m[0m
[  36% ] [90m[1mreimport[22m | Preparing files to reimport...[39m[0m
[  36% ] [90m[1mreimport[22m | Preparing files to reimport...[39m[0m
[  36% ] [90m[1mreimport[22m | Preparing files to reimport...[39m[0m
[  36% ] [90m[1mreimport[22m | Preparing files to reimport...[39m[0m
[  37% ] [90m[1mreimport[22m | Preparing files to reimport...[39m[0m
[  37% ] [90m[1mreimport[22m | Preparing files to reimport...[39m[0m
[  37% ] [90m[1mreimport[22m | Preparing files to reimport...[39m[0m
[  38% ] [90m[1mreimport[22m | Preparing files to reimport...[39m[0m
[  38% ] [90m[1mreimport[22m | Preparing files to reimport...[39m[0m
[  38% ] [90m[1mreimport[22m | Preparing files to reimport...[39m[0m
[  39% ] [90m[1mreimport[22m | Preparing files to reimport...[39m[0m
[  39% ] [90m[1mreimport[22m | Preparing files to reimport...[39m[0m
[  39% ] [90m[1mreimport[22m | Preparing files to reimport...[39m[0m
[  40% ] [90m[1mreimport[22m | Preparing files to reimport...[39m[0m
[  40% ] [90m[1mreimport[22m | Preparing files to reimport...[39m[0m
[  40% ] [90m[1mreimport[22m | Preparing files to reimport...[39m[0m
[  40% ] [90m[1mreimport[22m | Preparing files to reimport...[39m[0m
[  41% ] [90m[1mreimport[22m | Preparing files to reimport...[39m[0m
[  41% ] [90m[1mreimport[22m | Preparing files to reimport...[39m[0m
[  41% ] [90m[1mreimport[22m | Preparing files to reimport...[39m[0m
[  42% ] [90m[1mreimport[22m | Preparing files to reimport...[39m[0m
[  42% ] [90m[1mreimport[22m | Preparing files to reimport...[39m[0m
[  42% ] [90m[1mreimport[22m | Preparing files to reimport...[39m[0m
[  43% ] [90m[1mreimport[22m | Preparing files to reimport...[39m[0m
[  43% ] [90m[1mreimport[22m | Preparing files to reimport...[39m[0m
[  43% ] [90m[1mreimport[22m | Preparing files to reimport...[39m[0m
[  44% ] [90m[1mreimport[22m | Preparing files to reimport...[39m[0m
[  44% ] [90m[1mreimport[22m | Preparing files to reimport...[39m[0m
[  44% ] [90m[1mreimport[22m | Preparing files to reimport...[39m[0m
[  44% ] [90m[1mreimport[22m | Preparing files to reimport...[39m[0m
[  45% ] [90m[1mreimport[22m | Preparing files to reimport...[39m[0m
[  45% ] [90m[1mreimport[22m | Preparing files to reimport...[39m[0m
[  45% ] [90m[1mreimport[22m | Preparing files to reimport...[39m[0m
[  46% ] [90m[1mreimport[22m | Preparing files to reimport...[39m[0m
[  46% ] [90m[1mreimport[22m | Preparing files to reimport...[39m[0m
[  46% ] [90m[1mreimport[22m | Preparing files to reimport...[39m[0m
[  47% ] [90m[1mreimport[22m | Preparing files to reimport...[39m[0m
[  47% ] [90m[1mreimport[22m | Preparing files to reimport...[39m[0m
[  47% ] [90m[1mreimport[22m | Preparing files to reimport...[39m[0m
[  48% ] [90m[1mreimport[22m | Preparing files to reimport...[39m[0m
[  48% ] [90m[1mreimport[22m | Preparing files to reimport...[39m[0m
[  48% ] [90m[1mreimport[22m | Preparing files to reimport...[39m[0m
[  48% ] [90m[1mreimport[22m | Preparing files to reimport...[39m[0m
[  49% ] [90m[1mreimport[22m | Preparing files to reimport...[39m[0m
[  49% ] [90m[1mreimport[22m | Preparing files to reimport...[39m[0m
[  49% ] [90m[1mreimport[22m | Preparing files to reimport...[39m[0m
[  50% ] [90m[1mreimport[22m | Preparing files to reimport...[39m[0m
[  50% ] [90m[1mreimport[22m | Preparing files to reimport...[39m[0m
[  50% ] [90m[1mreimport[22m | Preparing files to reimport...[39m[0m
[  51% ] [90m[1mreimport[22m | Preparing files to reimport...[39m[0m
[  51% ] [90m[1mreimport[22m | Preparing files to reimport...[39m[0m
[  51% ] [90m[1mreimport[22m | Preparing files to reimport...[39m[0m
[  52% ] [90m[1mreimport[22m | Preparing files to reimport...[39m[0m
[  52% ] [90m[1mreimport[22m | Preparing files to reimport...[39m[0m
[  52% ] [90m[1mreimport[22m | Preparing files to reimport...[39m[0m
[  52% ] [90m[1mreimport[22m | Preparing files to reimport...[39m[0m
[  53% ] [90m[1mreimport[22m | Preparing files to reimport...[39m[0m
[  53% ] [90m[1mreimport[22m | Preparing files to reimport...[39m[0m
[  53% ] [90m[1mreimport[22m | Preparing files to reimport...[39m[0m
[  54% ] [90m[1mreimport[22m | Preparing files to reimport...[39m[0m
[  54% ] [90m[1mreimport[22m | Preparing files to reimport...[39m[0m
[  54% ] [90m[1mreimport[22m | Preparing files to reimport...[39m[0m
[  55% ] [90m[1mreimport[22m | Preparing files to reimport...[39m[0m
[  55% ] [90m[1mreimport[22m | Preparing files to reimport...[39m[0m
[  55% ] [90m[1mreimport[22m | Preparing files to reimport...[39m[0m
[  56% ] [90m[1mreimport[22m | Preparing files to reimport...[39m[0m
[  56% ] [90m[1mreimport[22m | Preparing files to reimport...[39m[0m
[  56% ] [90m[1mreimport[22m | Preparing files to reimport...[39m[0m
[  56% ] [90m[1mreimport[22m | Preparing files to reimport...[39m[0m
[  57% ] [90m[1mreimport[22m | Preparing files to reimport...[39m[0m
[  57% ] [90m[1mreimport[22m | Preparing files to reimport...[39m[0m
[  57% ] [90m[1mreimport[22m | Preparing files to reimport...[39m[0m
[  58% ] [90m[1mreimport[22m | Preparing files to reimport...[39m[0m
[  58% ] [90m[1mreimport[22m | Preparing files to reimport...[39m[0m
[  58% ] [90m[1mreimport[22m | Preparing files to reimport...[39m[0m
[  59% ] [90m[1mreimport[22m | Preparing files to reimport...[39m[0m
[  59% ] [90m[1mreimport[22m | Preparing files to reimport...[39m[0m
[  59% ] [90m[1mreimport[22m | Preparing files to reimport...[39m[0m
[  60% ] [90m[1mreimport[22m | Preparing files to reimport...[39m[0m
[  60% ] [90m[1mreimport[22m | Preparing files to reimport...[39m[0m
[  60% ] [90m[1mreimport[22m | Preparing files to reimport...[39m[0m
[  60% ] [90m[1mreimport[22m | Preparing files to reimport...[39m[0m
[  61% ] [90m[1mreimport[22m | Preparing files to reimport...[39m[0m
[  61% ] [90m[1mreimport[22m | Preparing files to reimport...[39m[0m
[  61% ] [90m[1mreimport[22m | Preparing files to reimport...[39m[0m
[  62% ] [90m[1mreimport[22m | Preparing files to reimport...[39m[0m
[  62% ] [90m[1mreimport[22m | Preparing files to reimport...[39m[0m
[  62% ] [90m[1mreimport[22m | Preparing files to reimport...[39m[0m
[  63% ] [90m[1mreimport[22m | Preparing files to reimport...[39m[0m
[  63% ] [90m[1mreimport[22m | Preparing files to reimport...[39m[0m
[  63% ] [90m[1mreimport[22m | Preparing files to reimport...[39m[0m
[  64% ] [90m[1mreimport[22m | Preparing files to reimport...[39m[0m
[  64% ] [90m[1mreimport[22m | Preparing files to reimport...[39m[0m
[  64% ] [90m[1mreimport[22m | Preparing files to reimport...[39m[0m
[  64% ] [90m[1mreimport[22m | Preparing files to reimport...[39m[0m
[  65% ] [90m[1mreimport[22m | Preparing files to reimport...[39m[0m
[  65% ] [90m[1mreimport[22m | Preparing files to reimport...[39m[0m
[  65% ] [90m[1mreimport[22m | Preparing files to reimport...[39m[0m
[  66% ] [90m[1mreimport[22m | Preparing files to reimport...[39m[0m
[  66% ] [90m[1mreimport[22m | Preparing files to reimport...[39m[0m
[  66% ] [90m[1mreimport[22m | Preparing files to reimport...[39m[0m
[  67% ] [90m[1mreimport[22m | Preparing files to reimport...[39m[0m
[  67% ] [90m[1mreimport[22m | Preparing files to reimport...[39m[0m
[  67% ] [90m[1mreimport[22m | Preparing files to reimport...[39m[0m
[  68% ] [90m[1mreimport[22m | Preparing files to reimport...[39m[0m
[  68% ] [90m[1mreimport[22m | Preparing files to reimport...[39m[0m
[  68% ] [90m[1mreimport[22m | Preparing files to reimport...[39m[0m
[  68% ] [90m[1mreimport[22m | Preparing files to reimport...[39m[0m
[  69% ] [90m[1mreimport[22m | Preparing files to reimport...[39m[0m
[  69% ] [90m[1mreimport[22m | Preparing files to reimport...[39m[0m
[  69% ] [90m[1mreimport[22m | Preparing files to reimport...[39m[0m
[  70% ] [90m[1mreimport[22m | Preparing files to reimport...[39m[0m
[  70% ] [90m[1mreimport[22m | Preparing files to reimport...[39m[0m
[  70% ] [90m[1mreimport[22m | Preparing files to reimport...[39m[0m
[  71% ] [90m[1mreimport[22m | Preparing files to reimport...[39m[0m
[  71% ] [90m[1mreimport[22m | Preparing files to reimport...[39m[0m
[  71% ] [90m[1mreimport[22m | Preparing files to reimport...[39m[0m
[  72% ] [90m[1mreimport[22m | Preparing files to reimport...[39m[0m
[  72% ] [90m[1mreimport[22m | Preparing files to reimport...[39m[0m
[  72% ] [90m[1mreimport[22m | Preparing files to reimport...[39m[0m
[  72% ] [90m[1mreimport[22m | Preparing files to reimport...[39m[0m
[  73% ] [90m[1mreimport[22m | Preparing files to reimport...[39m[0m
[  73% ] [90m[1mreimport[22m | Preparing files to reimport...[39m[0m
[  73% ] [90m[1mreimport[22m | Preparing files to reimport...[39m[0m
[  74% ] [90m[1mreimport[22m | Preparing files to reimport...[39m[0m
[  74% ] [90m[1mreimport[22m | Preparing files to reimport...[39m[0m
[  74% ] [90m[1mreimport[22m | Preparing files to reimport...[39m[0m
[  75% ] [90m[1mreimport[22m | Preparing files to reimport...[39m[0m
[  75% ] [90m[1mreimport[22m | Preparing files to reimport...[39m[0m
[  75% ] [90m[1mreimport[22m | Preparing files to reimport...[39m[0m
[  76% ] [90m[1mreimport[22m | Preparing files to reimport...[39m[0m
[  76% ] [90m[1mreimport[22m | Preparing files to reimport...[39m[0m
[  76% ] [90m[1mreimport[22m | Preparing files to reimport...[39m[0m
[  76% ] [90m[1mreimport[22m | Preparing files to reimport...[39m[0m
[  77% ] [90m[1mreimport[22m | Preparing files to reimport...[39m[0m
[  77% ] [90m[1mreimport[22m | Preparing files to reimport...[39m[0m
[  77% ] [90m[1mreimport[22m | Preparing files to reimport...[39m[0m
[  78% ] [90m[1mreimport[22m | Preparing files to reimport...[39m[0m
[  78% ] [90m[1mreimport[22m | Preparing files to reimport...[39m[0m
[  78% ] [90m[1mreimport[22m | Preparing files to reimport...[39m[0m
[  79% ] [90m[1mreimport[22m | Preparing files to reimport...[39m[0m
[  79% ] [90m[1mreimport[22m | Preparing files to reimport...[39m[0m
[  79% ] [90m[1mreimport[22m | Preparing files to reimport...[39m[0m
[  80% ] [90m[1mreimport[22m | Preparing files to reimport...[39m[0m
[  80% ] [90m[1mreimport[22m | Preparing files to reimport...[39m[0m
[  80% ] [90m[1mreimport[22m | Preparing files to reimport...[39m[0m
[  80% ] [90m[1mreimport[22m | Preparing files to reimport...[39m[0m
[  81% ] [90m[1mreimport[22m | Preparing files to reimport...[39m[0m
[  81% ] [90m[1mreimport[22m | Preparing files to reimport...[39m[0m
[  81% ] [90m[1mreimport[22m | Preparing files to reimport...[39m[0m
[  82% ] [90m[1mreimport[22m | Preparing files to reimport...[39m[0m
[  82% ] [90m[1mreimport[22m | Preparing files to reimport...[39m[0m
[  82% ] [90m[1mreimport[22m | Preparing files to reimport...[39m[0m
[  83% ] [90m[1mreimport[22m | Preparing files to reimport...[39m[0m
[  83% ] [90m[1mreimport[22m | Preparing files to reimport...[39m[0m
[  83% ] [90m[1mreimport[22m | Preparing files to reimport...[39m[0m
[  84% ] [90m[1mreimport[22m | Preparing files to reimport...[39m[0m
[  84% ] [90m[1mreimport[22m | Preparing files to reimport...[39m[0m
[  84% ] [90m[1mreimport[22m | Preparing files to reimport...[39m[0m
[  84% ] [90m[1mreimport[22m | Preparing files to reimport...[39m[0m
[  85% ] [90m[1mreimport[22m | Preparing files to reimport...[39m[0m
[  85% ] [90m[1mreimport[22m | Preparing files to reimport...[39m[0m
[  85% ] [90m[1mreimport[22m | Preparing files to reimport...[39m[0m
[  86% ] [90m[1mreimport[22m | Preparing files to reimport...[39m[0m
[  86% ] [90m[1mreimport[22m | Preparing files to reimport...[39m[0m
[  86% ] [90m[1mreimport[22m | Preparing files to reimport...[39m[0m
[  87% ] [90m[1mreimport[22m | Preparing files to reimport...[39m[0m
[  87% ] [90m[1mreimport[22m | Preparing files to reimport...[39m[0m
[  87% ] [90m[1mreimport[22m | Preparing files to reimport...[39m[0m
[  88% ] [90m[1mreimport[22m | Preparing files to reimport...[39m[0m
[  88% ] [90m[1mreimport[22m | Preparing files to reimport...[39m[0m
[  88% ] [90m[1mreimport[22m | Preparing files to reimport...[39m[0m
[  88% ] [90m[1mreimport[22m | Preparing files to reimport...[39m[0m
[  89% ] [90m[1mreimport[22m | Preparing files to reimport...[39m[0m
[  89% ] [90m[1mreimport[22m | Preparing files to reimport...[39m[0m
[  89% ] [90m[1mreimport[22m | Preparing files to reimport...[39m[0m
[  90% ] [90m[1mreimport[22m | Preparing files to reimport...[39m[0m
[  90% ] [90m[1mreimport[22m | Preparing files to reimport...[39m[0m
[  90% ] [90m[1mreimport[22m | Preparing files to reimport...[39m[0m
[  91% ] [90m[1mreimport[22m | Preparing files to reimport...[39m[0m
[  91% ] [90m[1mreimport[22m | Preparing files to reimport...[39m[0m
[  91% ] [90m[1mreimport[22m | Preparing files to reimport...[39m[0m
[  92% ] [90m[1mreimport[22m | Preparing files to reimport...[39m[0m
[  92% ] [90m[1mreimport[22m | Preparing files to reimport...[39m[0m
[  92% ] [90m[1mreimport[22m | Preparing files to reimport...[39m[0m
[  92% ] [90m[1mreimport[22m | Preparing files to reimport...[39m[0m
[  93% ] [90m[1mreimport[22m | Preparing files to reimport...[39m[0m
[  93% ] [90m[1mreimport[22m | Preparing files to reimport...[39m[0m
[  93% ] [90m[1mreimport[22m | Preparing files to reimport...[39m[0m
[  94% ] [90m[1mreimport[22m | Preparing files to reimport...[39m[0m
[  94% ] [90m[1mreimport[22m | Preparing files to reimport...[39m[0m
[  94% ] [90m[1mreimport[22m | Preparing files to reimport...[39m[0m
[  95% ] [90m[1mreimport[22m | Preparing files to reimport...[39m[0m
[  95% ] [90m[1mreimport[22m | Preparing files to reimport...[39m[0m
[  95% ] [90m[1mreimport[22m | Preparing files to reimport...[39m[0m
[  96% ] [90m[1mreimport[22m | Preparing files to reimport...[39m[0m
[  96% ] [90m[1mreimport[22m | Preparing files to reimport...[39m[0m
[  96% ] [90m[1mreimport[22m | Preparing files to reimport...[39m[0m
[  96% ] [90m[1mreimport[22m | Preparing files to reimport...[39m[0m
[  97% ] [90m[1mreimport[22m | Preparing files to reimport...[39m[0m
[  97% ] [90m[1mreimport[22m | Preparing files to reimport...[39m[0m
[  97% ] [90m[1mreimport[22m | Preparing files to reimport...[39m[0m
[  98% ] [90m[1mreimport[22m | Preparing files to reimport...[39m[0m
[  98% ] [90m[1mreimport[22m | Preparing files to reimport...[39m[0m
[  98% ] [90m[1mreimport[22m | Preparing files to reimport...[39m[0m
[  99% ] [90m[1mreimport[22m | Preparing files to reimport...[39m[0m
[  99% ] [90m[1mreimport[22m | Preparing files to reimport...[39m[0m
[   0% ] [90m[1mreimport[22m | Executing pre-reimport operations...[39m[0m
[   0% ] [90m[1mpreload_reimporting_scene[22m | Started Preparing scenes for reload (1 steps)[39m[0m
[   0% ] [90m[1mpreload_reimporting_scene[22m | Analyzing scene [empty][39m[0m
[  50% ] [90m[1mpreload_reimporting_scene[22m | Preparation done.[39m[0m
[92m[ DONE ][39m [1mpreload_reimporting_scene[22m
[0m
[   0% ] [90m[1mreimport[22m | launcher-icon.png[39m[0m
[   0% ] [90m[1mreimport[22m | aa_wordmark_960.png[39m[0m
[   0% ] [90m[1mreimport[22m | aa_wordmark.svg[39m[0m
[   0% ] [90m[1mreimport[22m | aa_wordmark.png[39m[0m
[   1% ] [90m[1mreimport[22m | aa_seal_256.png[39m[0m
[   1% ] [90m[1mreimport[22m | aa_seal_128.png[39m[0m
[   1% ] [90m[1mreimport[22m | aa_seal.svg[39m[0m
[   2% ] [90m[1mreimport[22m | aa_seal.png[39m[0m
[   2% ] [90m[1mreimport[22m | aa_hero_backdrop.svg[39m[0m
[   2% ] [90m[1mreimport[22m | aa_hero_backdrop.png[39m[0m
[   3% ] [90m[1mreimport[22m | glyph_touch.svg[39m[0m
[   3% ] [90m[1mreimport[22m | glyph_touch.png[39m[0m
[   3% ] [90m[1mreimport[22m | glyph_menu.svg[39m[0m
[   4% ] [90m[1mreimport[22m | glyph_menu.png[39m[0m
[   4% ] [90m[1mreimport[22m | glyph_fight.svg[39m[0m
[   4% ] [90m[1mreimport[22m | glyph_fight.png[39m[0m
[   4% ] [90m[1mreimport[22m | glyph_confirm.svg[39m[0m
[   5% ] [90m[1mreimport[22m | glyph_confirm.png[39m[0m
[   5% ] [90m[1mreimport[22m | glyph_back.svg[39m[0m
[   5% ] [90m[1mreimport[22m | glyph_back.png[39m[0m
[   6% ] [90m[1mreimport[22m | icon.svg[39m[0m
[   6% ] [90m[1mreimport[22m | icon.png[39m[0m
[   6% ] [90m[1mreimport[22m | export_icon.png[39m[0m
[   7% ] [90m[1mreimport[22m | vesper-nyx_skeleton_texture.png[39m[0m
[   7% ] [90m[1mreimport[22m | rook-ironside_barbarian_texture.png[39m[0m
[   7% ] [90m[1mreimport[22m | orion-vell_knight_texture.png[39m[0m
[   8% ] [90m[1mreimport[22m | nix-calder_skeleton_texture.png[39m[0m
[   8% ] [90m[1mreimport[22m | kaia-windrow_rogue_texture.png[39m[0m
[   8% ] [90m[1mreimport[22m | juno-spark_rogue_texture.png[39m[0m
[   8% ] [90m[1mreimport[22m | ember-vale_mage_texture.png[39m[0m
[   9% ] [90m[1mreimport[22m | void-pier.svg[39m[0m
[   9% ] [90m[1mreimport[22m | training-grid.svg[39m[0m
[   9% ] [90m[1mreimport[22m | skyline-arena.svg[39m[0m
[  10% ] [90m[1mreimport[22m | neon-rooftops.svg[39m[0m
[  10% ] [90m[1mreimport[22m | ember-courtyard.svg[39m[0m
[  10% ] [90m[1mreimport[22m | cascade-foundry.svg[39m[0m
[  11% ] [90m[1mreimport[22m | stage_void-pier.svg[39m[0m
[  11% ] [90m[1mreimport[22m | stage_ember-courtyard.svg[39m[0m
[  11% ] [90m[1mreimport[22m | stage_cascade-foundry.svg[39m[0m
[  12% ] [90m[1mreimport[22m | splash-icon.png[39m[0m
[  12% ] [90m[1mreimport[22m | launcher-icon.png[39m[0m
[  12% ] [90m[1mreimport[22m | aa_wordmark_960.png[39m[0m
[  12% ] [90m[1mreimport[22m | aa_wordmark.svg[39m[0m
[  13% ] [90m[1mreimport[22m | aa_wordmark.png[39m[0m
[  13% ] [90m[1mreimport[22m | aa_seal_256.png[39m[0m
[  13% ] [90m[1mreimport[22m | aa_seal_128.png[39m[0m
[  14% ] [90m[1mreimport[22m | aa_seal.svg[39m[0m
[  14% ] [90m[1mreimport[22m | aa_seal.png[39m[0m
[  14% ] [90m[1mreimport[22m | aa_hero_backdrop.svg[39m[0m
[  15% ] [90m[1mreimport[22m | aa_hero_backdrop.png[39m[0m
[  15% ] [90m[1mreimport[22m | glyph_touch.svg[39m[0m
[  15% ] [90m[1mreimport[22m | glyph_touch.png[39m[0m
[  16% ] [90m[1mreimport[22m | glyph_menu.svg[39m[0m
[  16% ] [90m[1mreimport[22m | glyph_menu.png[39m[0m
[  16% ] [90m[1mreimport[22m | glyph_fight.svg[39m[0m
[  16% ] [90m[1mreimport[22m | glyph_fight.png[39m[0m
[  17% ] [90m[1mreimport[22m | glyph_confirm.svg[39m[0m
[  17% ] [90m[1mreimport[22m | glyph_confirm.png[39m[0m
[  17% ] [90m[1mreimport[22m | glyph_back.svg[39m[0m
[  18% ] [90m[1mreimport[22m | glyph_back.png[39m[0m
[  18% ] [90m[1mreimport[22m | icon.svg[39m[0m
[  18% ] [90m[1mreimport[22m | icon.png[39m[0m
[  19% ] [90m[1mreimport[22m | export_icon.png[39m[0m
[  19% ] [90m[1mreimport[22m | vesper-nyx_skeleton_texture.png[39m[0m
[  19% ] [90m[1mreimport[22m | rook-ironside_barbarian_texture.png[39m[0m
[  20% ] [90m[1mreimport[22m | orion-vell_knight_texture.png[39m[0m
[  20% ] [90m[1mreimport[22m | nix-calder_skeleton_texture.png[39m[0m
[  20% ] [90m[1mreimport[22m | kaia-windrow_rogue_texture.png[39m[0m
[  20% ] [90m[1mreimport[22m | juno-spark_rogue_texture.png[39m[0m
[  21% ] [90m[1mreimport[22m | ember-vale_mage_texture.png[39m[0m
[  21% ] [90m[1mreimport[22m | void-pier.svg[39m[0m
[  21% ] [90m[1mreimport[22m | training-grid.svg[39m[0m
[  22% ] [90m[1mreimport[22m | skyline-arena.svg[39m[0m
[  22% ] [90m[1mreimport[22m | neon-rooftops.svg[39m[0m
[  22% ] [90m[1mreimport[22m | ember-courtyard.svg[39m[0m
[  23% ] [90m[1mreimport[22m | cascade-foundry.svg[39m[0m
[  23% ] [90m[1mreimport[22m | stage_void-pier.svg[39m[0m
[  23% ] [90m[1mreimport[22m | stage_ember-courtyard.svg[39m[0m
[  24% ] [90m[1mreimport[22m | stage_cascade-foundry.svg[39m[0m
[  24% ] [90m[1mreimport[22m | splash-icon.png[39m[0m
[  24% ] [90m[1mreimport[22m | charge.wav[39m[0m
[  24% ] [90m[1mreimport[22m | vo_short.wav[39m[0m
[  25% ] [90m[1mreimport[22m | signature.wav[39m[0m
[  25% ] [90m[1mreimport[22m | projectile.wav[39m[0m
[  25% ] [90m[1mreimport[22m | move.wav[39m[0m
[  26% ] [90m[1mreimport[22m | ko.wav[39m[0m
[  26% ] [90m[1mreimport[22m | hit.wav[39m[0m
[  26% ] [90m[1mreimport[22m | defense.wav[39m[0m
[  27% ] [90m[1mreimport[22m | charge.wav[39m[0m
[  27% ] [90m[1mreimport[22m | up_tilt.wav[39m[0m
[  27% ] [90m[1mreimport[22m | up_special_recovery.wav[39m[0m
[  28% ] [90m[1mreimport[22m | up_air.wav[39m[0m
[  28% ] [90m[1mreimport[22m | throw_up.wav[39m[0m
[  28% ] [90m[1mreimport[22m | defense.wav[39m[0m
[  28% ] [90m[1mreimport[22m | hit.wav[39m[0m
[  29% ] [90m[1mreimport[22m | ko.wav[39m[0m
[  29% ] [90m[1mreimport[22m | move.wav[39m[0m
[  29% ] [90m[1mreimport[22m | projectile.wav[39m[0m
[  30% ] [90m[1mreimport[22m | signature.wav[39m[0m
[  30% ] [90m[1mreimport[22m | vo_short.wav[39m[0m
[  30% ] [90m[1mreimport[22m | charge.wav[39m[0m
[  31% ] [90m[1mreimport[22m | defense.wav[39m[0m
[  31% ] [90m[1mreimport[22m | hit.wav[39m[0m
[  31% ] [90m[1mreimport[22m | ko.wav[39m[0m
[  32% ] [90m[1mreimport[22m | move.wav[39m[0m
[  32% ] [90m[1mreimport[22m | projectile.wav[39m[0m
[  32% ] [90m[1mreimport[22m | throw_back.wav[39m[0m
[  32% ] [90m[1mreimport[22m | throw_down.wav[39m[0m
[  33% ] [90m[1mreimport[22m | throw_forward.wav[39m[0m
[  33% ] [90m[1mreimport[22m | throw_up.wav[39m[0m
[  33% ] [90m[1mreimport[22m | up_air.wav[39m[0m
[  34% ] [90m[1mreimport[22m | up_special_recovery.wav[39m[0m
[  34% ] [90m[1mreimport[22m | up_tilt.wav[39m[0m
[  34% ] [90m[1mreimport[22m | aura_burst.wav[39m[0m
[  35% ] [90m[1mreimport[22m | aura_charge.wav[39m[0m
[  35% ] [90m[1mreimport[22m | dash_attack.wav[39m[0m
[  35% ] [90m[1mreimport[22m | down_air.wav[39m[0m
[  36% ] [90m[1mreimport[22m | down_special.wav[39m[0m
[  36% ] [90m[1mreimport[22m | down_tilt.wav[39m[0m
[  36% ] [90m[1mreimport[22m | forward_air.wav[39m[0m
[  36% ] [90m[1mreimport[22m | forward_tilt.wav[39m[0m
[  37% ] [90m[1mreimport[22m | grab.wav[39m[0m
[  37% ] [90m[1mreimport[22m | heavy_attack.wav[39m[0m
[  37% ] [90m[1mreimport[22m | jab_1.wav[39m[0m
[  38% ] [90m[1mreimport[22m | jab_2.wav[39m[0m
[  38% ] [90m[1mreimport[22m | jab_finisher.wav[39m[0m
[  38% ] [90m[1mreimport[22m | neutral_air.wav[39m[0m
[  39% ] [90m[1mreimport[22m | neutral_special_projectile.wav[39m[0m
[  39% ] [90m[1mreimport[22m | side_special.wav[39m[0m
[  39% ] [90m[1mreimport[22m | throw_back.wav[39m[0m
[  40% ] [90m[1mreimport[22m | throw_down.wav[39m[0m
[  40% ] [90m[1mreimport[22m | throw_forward.wav[39m[0m
[  40% ] [90m[1mreimport[22m | charge.wav[39m[0m
[  40% ] [90m[1mreimport[22m | defense.wav[39m[0m
[  41% ] [90m[1mreimport[22m | hit.wav[39m[0m
[  41% ] [90m[1mreimport[22m | ko.wav[39m[0m
[  41% ] [90m[1mreimport[22m | move.wav[39m[0m
[  42% ] [90m[1mreimport[22m | projectile.wav[39m[0m
[  42% ] [90m[1mreimport[22m | signature.wav[39m[0m
[  42% ] [90m[1mreimport[22m | vo_short.wav[39m[0m
[  43% ] [90m[1mreimport[22m | charge.wav[39m[0m
[  43% ] [90m[1mreimport[22m | defense.wav[39m[0m
[  43% ] [90m[1mreimport[22m | hit.wav[39m[0m
[  44% ] [90m[1mreimport[22m | ko.wav[39m[0m
[  44% ] [90m[1mreimport[22m | launch_critical.wav[39m[0m
[  44% ] [90m[1mreimport[22m | launch_high.wav[39m[0m
[  44% ] [90m[1mreimport[22m | lockin_stinger.wav[39m[0m
[  45% ] [90m[1mreimport[22m | move.wav[39m[0m
[  45% ] [90m[1mreimport[22m | projectile.wav[39m[0m
[  45% ] [90m[1mreimport[22m | ui_back.wav[39m[0m
[  46% ] [90m[1mreimport[22m | ui_confirm.wav[39m[0m
[  46% ] [90m[1mreimport[22m | ui_select.wav[39m[0m
[  46% ] [90m[1mreimport[22m | bed.wav[39m[0m
[  47% ] [90m[1mreimport[22m | bed.wav[39m[0m
[  47% ] [90m[1mreimport[22m | bed.wav[39m[0m
[  47% ] [90m[1mreimport[22m | bed.wav[39m[0m
[  48% ] [90m[1mreimport[22m | bed.wav[39m[0m
[  48% ] [90m[1mreimport[22m | bed.wav[39m[0m
[  48% ] [90m[1mreimport[22m | signature.wav[39m[0m
[  48% ] [90m[1mreimport[22m | vo_short.wav[39m[0m
[  49% ] [90m[1mreimport[22m | charge.wav[39m[0m
[  49% ] [90m[1mreimport[22m | defense.wav[39m[0m
[  49% ] [90m[1mreimport[22m | hit.wav[39m[0m
[  50% ] [90m[1mreimport[22m | ko.wav[39m[0m
[  50% ] [90m[1mreimport[22m | move.wav[39m[0m
[  50% ] [90m[1mreimport[22m | projectile.wav[39m[0m
[  51% ] [90m[1mreimport[22m | signature.wav[39m[0m
[  51% ] [90m[1mreimport[22m | vo_short.wav[39m[0m
[  51% ] [90m[1mreimport[22m | charge.wav[39m[0m
[  52% ] [90m[1mreimport[22m | defense.wav[39m[0m
[  52% ] [90m[1mreimport[22m | hit.wav[39m[0m
[  52% ] [90m[1mreimport[22m | ko.wav[39m[0m
[  52% ] [90m[1mreimport[22m | move.wav[39m[0m
[  53% ] [90m[1mreimport[22m | projectile.wav[39m[0m
[  53% ] [90m[1mreimport[22m | signature.wav[39m[0m
[  53% ] [90m[1mreimport[22m | vo_short.wav[39m[0m
[  54% ] [90m[1mreimport[22m | charge.wav[39m[0m
[  54% ] [90m[1mreimport[22m | defense.wav[39m[0m
[  54% ] [90m[1mreimport[22m | hit.wav[39m[0m
[  55% ] [90m[1mreimport[22m | ko.wav[39m[0m
[  55% ] [90m[1mreimport[22m | move.wav[39m[0m
[  55% ] [90m[1mreimport[22m | projectile.wav[39m[0m
[  56% ] [90m[1mreimport[22m | signature.wav[39m[0m
[  56% ] [90m[1mreimport[22m | vo_short.wav[39m[0m
[  56% ] [90m[1mreimport[22m | throw_back.wav[39m[0m
[  56% ] [90m[1mreimport[22m | side_special.wav[39m[0m
[  57% ] [90m[1mreimport[22m | neutral_special_projectile.wav[39m[0m
[  57% ] [90m[1mreimport[22m | neutral_air.wav[39m[0m
[  57% ] [90m[1mreimport[22m | jab_finisher.wav[39m[0m
[  58% ] [90m[1mreimport[22m | jab_2.wav[39m[0m
[  58% ] [90m[1mreimport[22m | jab_1.wav[39m[0m
[  58% ] [90m[1mreimport[22m | heavy_attack.wav[39m[0m
[  59% ] [90m[1mreimport[22m | grab.wav[39m[0m
[  59% ] [90m[1mreimport[22m | forward_tilt.wav[39m[0m
[  59% ] [90m[1mreimport[22m | forward_air.wav[39m[0m
[  60% ] [90m[1mreimport[22m | down_tilt.wav[39m[0m
[  60% ] [90m[1mreimport[22m | down_special.wav[39m[0m
[  60% ] [90m[1mreimport[22m | down_air.wav[39m[0m
[  60% ] [90m[1mreimport[22m | dash_attack.wav[39m[0m
[  61% ] [90m[1mreimport[22m | aura_charge.wav[39m[0m
[  61% ] [90m[1mreimport[22m | aura_burst.wav[39m[0m
[  61% ] [90m[1mreimport[22m | up_tilt.wav[39m[0m
[  62% ] [90m[1mreimport[22m | jab_2.wav[39m[0m
[  62% ] [90m[1mreimport[22m | jab_1.wav[39m[0m
[  62% ] [90m[1mreimport[22m | heavy_attack.wav[39m[0m
[  63% ] [90m[1mreimport[22m | grab.wav[39m[0m
[  63% ] [90m[1mreimport[22m | forward_tilt.wav[39m[0m
[  63% ] [90m[1mreimport[22m | forward_air.wav[39m[0m
[  64% ] [90m[1mreimport[22m | down_tilt.wav[39m[0m
[  64% ] [90m[1mreimport[22m | down_special.wav[39m[0m
[  64% ] [90m[1mreimport[22m | down_air.wav[39m[0m
[  64% ] [90m[1mreimport[22m | dash_attack.wav[39m[0m
[  65% ] [90m[1mreimport[22m | aura_charge.wav[39m[0m
[  65% ] [90m[1mreimport[22m | aura_burst.wav[39m[0m
[  65% ] [90m[1mreimport[22m | up_tilt.wav[39m[0m
[  66% ] [90m[1mreimport[22m | up_special_recovery.wav[39m[0m
[  66% ] [90m[1mreimport[22m | up_air.wav[39m[0m
[  66% ] [90m[1mreimport[22m | throw_up.wav[39m[0m
[  67% ] [90m[1mreimport[22m | throw_forward.wav[39m[0m
[  67% ] [90m[1mreimport[22m | throw_down.wav[39m[0m
[  67% ] [90m[1mreimport[22m | down_air.wav[39m[0m
[  68% ] [90m[1mreimport[22m | dash_attack.wav[39m[0m
[  68% ] [90m[1mreimport[22m | aura_charge.wav[39m[0m
[  68% ] [90m[1mreimport[22m | aura_burst.wav[39m[0m
[  68% ] [90m[1mreimport[22m | launch_critical_vesper-nyx.wav[39m[0m
[  69% ] [90m[1mreimport[22m | launch_critical_rook-ironside.wav[39m[0m
[  69% ] [90m[1mreimport[22m | launch_critical_orion-vell.wav[39m[0m
[  69% ] [90m[1mreimport[22m | launch_critical_nix-calder.wav[39m[0m
[  70% ] [90m[1mreimport[22m | launch_critical_kaia-windrow.wav[39m[0m
[  70% ] [90m[1mreimport[22m | launch_critical_juno-spark.wav[39m[0m
[  70% ] [90m[1mreimport[22m | launch_critical_ember-vale.wav[39m[0m
[  71% ] [90m[1mreimport[22m | name_motif_vesper-nyx.wav[39m[0m
[  71% ] [90m[1mreimport[22m | name_motif_rook-ironside.wav[39m[0m
[  71% ] [90m[1mreimport[22m | name_motif_orion-vell.wav[39m[0m
[  72% ] [90m[1mreimport[22m | name_motif_nix-calder.wav[39m[0m
[  72% ] [90m[1mreimport[22m | name_motif_kaia-windrow.wav[39m[0m
[  72% ] [90m[1mreimport[22m | name_motif_juno-spark.wav[39m[0m
[  72% ] [90m[1mreimport[22m | name_motif_ember-vale.wav[39m[0m
[  73% ] [90m[1mreimport[22m | up_special_recovery.wav[39m[0m
[  73% ] [90m[1mreimport[22m | up_air.wav[39m[0m
[  73% ] [90m[1mreimport[22m | throw_up.wav[39m[0m
[  74% ] [90m[1mreimport[22m | throw_forward.wav[39m[0m
[  74% ] [90m[1mreimport[22m | throw_down.wav[39m[0m
[  74% ] [90m[1mreimport[22m | throw_back.wav[39m[0m
[  75% ] [90m[1mreimport[22m | side_special.wav[39m[0m
[  75% ] [90m[1mreimport[22m | neutral_special_projectile.wav[39m[0m
[  75% ] [90m[1mreimport[22m | neutral_air.wav[39m[0m
[  76% ] [90m[1mreimport[22m | jab_finisher.wav[39m[0m
[  76% ] [90m[1mreimport[22m | jab_2.wav[39m[0m
[  76% ] [90m[1mreimport[22m | jab_1.wav[39m[0m
[  76% ] [90m[1mreimport[22m | heavy_attack.wav[39m[0m
[  77% ] [90m[1mreimport[22m | grab.wav[39m[0m
[  77% ] [90m[1mreimport[22m | forward_tilt.wav[39m[0m
[  77% ] [90m[1mreimport[22m | forward_air.wav[39m[0m
[  78% ] [90m[1mreimport[22m | down_tilt.wav[39m[0m
[  78% ] [90m[1mreimport[22m | down_special.wav[39m[0m
[  78% ] [90m[1mreimport[22m | up_air.wav[39m[0m
[  79% ] [90m[1mreimport[22m | throw_up.wav[39m[0m
[  79% ] [90m[1mreimport[22m | throw_forward.wav[39m[0m
[  79% ] [90m[1mreimport[22m | throw_down.wav[39m[0m
[  80% ] [90m[1mreimport[22m | throw_back.wav[39m[0m
[  80% ] [90m[1mreimport[22m | side_special.wav[39m[0m
[  80% ] [90m[1mreimport[22m | neutral_special_projectile.wav[39m[0m
[  80% ] [90m[1mreimport[22m | neutral_air.wav[39m[0m
[  81% ] [90m[1mreimport[22m | jab_finisher.wav[39m[0m
[  81% ] [90m[1mreimport[22m | jab_2.wav[39m[0m
[  81% ] [90m[1mreimport[22m | jab_1.wav[39m[0m
[  82% ] [90m[1mreimport[22m | heavy_attack.wav[39m[0m
[  82% ] [90m[1mreimport[22m | grab.wav[39m[0m
[  82% ] [90m[1mreimport[22m | forward_tilt.wav[39m[0m
[  83% ] [90m[1mreimport[22m | forward_air.wav[39m[0m
[  83% ] [90m[1mreimport[22m | down_tilt.wav[39m[0m
[  83% ] [90m[1mreimport[22m | down_special.wav[39m[0m
[  84% ] [90m[1mreimport[22m | down_air.wav[39m[0m
[  84% ] [90m[1mreimport[22m | side_special.wav[39m[0m
[  84% ] [90m[1mreimport[22m | neutral_special_projectile.wav[39m[0m
[  84% ] [90m[1mreimport[22m | neutral_air.wav[39m[0m
[  85% ] [90m[1mreimport[22m | jab_finisher.wav[39m[0m
[  85% ] [90m[1mreimport[22m | jab_2.wav[39m[0m
[  85% ] [90m[1mreimport[22m | jab_1.wav[39m[0m
[  86% ] [90m[1mreimport[22m | heavy_attack.wav[39m[0m
[  86% ] [90m[1mreimport[22m | grab.wav[39m[0m
[  86% ] [90m[1mreimport[22m | forward_tilt.wav[39m[0m
[  87% ] [90m[1mreimport[22m | forward_air.wav[39m[0m
[  87% ] [90m[1mreimport[22m | down_tilt.wav[39m[0m
[  87% ] [90m[1mreimport[22m | down_special.wav[39m[0m
[  88% ] [90m[1mreimport[22m | down_air.wav[39m[0m
[  88% ] [90m[1mreimport[22m | dash_attack.wav[39m[0m
[  88% ] [90m[1mreimport[22m | aura_charge.wav[39m[0m
[  88% ] [90m[1mreimport[22m | ember-vale.glb[39m[0m
[   0% ] [90m[1mimport[22m | Started Import Scene (104 steps)[39m[0m
[   0% ] [90m[1mimport[22m | Importing Scene...[39m[0m
[   1% ] [90m[1mimport[22m | Running Custom Script...[39m[0m
[  99% ] [90m[1mimport[22m | Saving...[39m[0m
[92m[ DONE ][39m [1mimport[22m
[0m
[  89% ] [90m[1mreimport[22m | nix-calder.glb[39m[0m
[   0% ] [90m[1mimport[22m | Started Import Scene (104 steps)[39m[0m
[   0% ] [90m[1mimport[22m | Importing Scene...[39m[0m
[   1% ] [90m[1mimport[22m | Running Custom Script...[39m[0m
[  99% ] [90m[1mimport[22m | Saving...[39m[0m
[92m[ DONE ][39m [1mimport[22m
[0m
[  89% ] [90m[1mreimport[22m | juno-spark.glb[39m[0m
[   0% ] [90m[1mimport[22m | Started Import Scene (104 steps)[39m[0m
[   0% ] [90m[1mimport[22m | Importing Scene...[39m[0m
[   1% ] [90m[1mimport[22m | Running Custom Script...[39m[0m
[  99% ] [90m[1mimport[22m | Saving...[39m[0m
[92m[ DONE ][39m [1mimport[22m
[0m
[  89% ] [90m[1mreimport[22m | kaia-windrow.glb[39m[0m
[   0% ] [90m[1mimport[22m | Started Import Scene (104 steps)[39m[0m
[   0% ] [90m[1mimport[22m | Importing Scene...[39m[0m
[   1% ] [90m[1mimport[22m | Running Custom Script...[39m[0m
[  99% ] [90m[1mimport[22m | Saving...[39m[0m
[92m[ DONE ][39m [1mimport[22m
[0m
[  90% ] [90m[1mreimport[22m | kaia-windrow.glb[39m[0m
[   0% ] [90m[1mimport[22m | Started Import Scene (104 steps)[39m[0m
[   0% ] [90m[1mimport[22m | Importing Scene...[39m[0m
[   1% ] [90m[1mimport[22m | Running Custom Script...[39m[0m
[  99% ] [90m[1mimport[22m | Saving...[39m[0m
[92m[ DONE ][39m [1mimport[22m
[0m
[  90% ] [90m[1mreimport[22m | juno-spark.glb[39m[0m
[   0% ] [90m[1mimport[22m | Started Import Scene (104 steps)[39m[0m
[   0% ] [90m[1mimport[22m | Importing Scene...[39m[0m
[   1% ] [90m[1mimport[22m | Running Custom Script...[39m[0m
[  99% ] [90m[1mimport[22m | Saving...[39m[0m
[92m[ DONE ][39m [1mimport[22m
[0m
[  90% ] [90m[1mreimport[22m | nix-calder.glb[39m[0m
[   0% ] [90m[1mimport[22m | Started Import Scene (104 steps)[39m[0m
[   0% ] [90m[1mimport[22m | Importing Scene...[39m[0m
[   1% ] [90m[1mimport[22m | Running Custom Script...[39m[0m
[  99% ] [90m[1mimport[22m | Saving...[39m[0m
[92m[ DONE ][39m [1mimport[22m
[0m
[  91% ] [90m[1mreimport[22m | ember-vale.glb[39m[0m
[   0% ] [90m[1mimport[22m | Started Import Scene (104 steps)[39m[0m
[   0% ] [90m[1mimport[22m | Importing Scene...[39m[0m
[   1% ] [90m[1mimport[22m | Running Custom Script...[39m[0m
[  99% ] [90m[1mimport[22m | Saving...[39m[0m
[92m[ DONE ][39m [1mimport[22m
[0m
[  91% ] [90m[1mreimport[22m | orion-vell.glb[39m[0m
[   0% ] [90m[1mimport[22m | Started Import Scene (104 steps)[39m[0m
[   0% ] [90m[1mimport[22m | Importing Scene...[39m[0m
[   1% ] [90m[1mimport[22m | Running Custom Script...[39m[0m
[  99% ] [90m[1mimport[22m | Saving...[39m[0m
[92m[ DONE ][39m [1mimport[22m
[0m
[  91% ] [90m[1mreimport[22m | pipeline_proof.glb[39m[0m
[   0% ] [90m[1mimport[22m | Started Import Scene (104 steps)[39m[0m
[   0% ] [90m[1mimport[22m | Importing Scene...[39m[0m
[   1% ] [90m[1mimport[22m | Running Custom Script...[39m[0m
[  99% ] [90m[1mimport[22m | Saving...[39m[0m
[92m[ DONE ][39m [1mimport[22m
[0m
[  92% ] [90m[1mreimport[22m | rook-ironside.glb[39m[0m
[   0% ] [90m[1mimport[22m | Started Import Scene (104 steps)[39m[0m
[   0% ] [90m[1mimport[22m | Importing Scene...[39m[0m
[   1% ] [90m[1mimport[22m | Running Custom Script...[39m[0m
[  99% ] [90m[1mimport[22m | Saving...[39m[0m
[92m[ DONE ][39m [1mimport[22m
[0m
[  92% ] [90m[1mreimport[22m | pipeline_proof.glb[39m[0m
[   0% ] [90m[1mimport[22m | Started Import Scene (104 steps)[39m[0m
[   0% ] [90m[1mimport[22m | Importing Scene...[39m[0m
[   1% ] [90m[1mimport[22m | Running Custom Script...[39m[0m
[  99% ] [90m[1mimport[22m | Saving...[39m[0m
[92m[ DONE ][39m [1mimport[22m
[0m
[  92% ] [90m[1mreimport[22m | vesper-nyx.glb[39m[0m
[   0% ] [90m[1mimport[22m | Started Import Scene (104 steps)[39m[0m
[   0% ] [90m[1mimport[22m | Importing Scene...[39m[0m
[   1% ] [90m[1mimport[22m | Running Custom Script...[39m[0m
[  99% ] [90m[1mimport[22m | Saving...[39m[0m
[92m[ DONE ][39m [1mimport[22m
[0m
[  92% ] [90m[1mreimport[22m | pipeline_proof.glb[39m[0m
[   0% ] [90m[1mimport[22m | Started Import Scene (104 steps)[39m[0m
[   0% ] [90m[1mimport[22m | Importing Scene...[39m[0m
[   1% ] [90m[1mimport[22m | Running Custom Script...[39m[0m
[  99% ] [90m[1mimport[22m | Saving...[39m[0m
[92m[ DONE ][39m [1mimport[22m
[0m
[  93% ] [90m[1mreimport[22m | pipeline_proof.glb[39m[0m
[   0% ] [90m[1mimport[22m | Started Import Scene (104 steps)[39m[0m
[   0% ] [90m[1mimport[22m | Importing Scene...[39m[0m
[   1% ] [90m[1mimport[22m | Running Custom Script...[39m[0m
[  99% ] [90m[1mimport[22m | Saving...[39m[0m
[92m[ DONE ][39m [1mimport[22m
[0m
[  93% ] [90m[1mreimport[22m | pipeline_proof.glb[39m[0m
[   0% ] [90m[1mimport[22m | Started Import Scene (104 steps)[39m[0m
[   0% ] [90m[1mimport[22m | Importing Scene...[39m[0m
[   1% ] [90m[1mimport[22m | Running Custom Script...[39m[0m
[  99% ] [90m[1mimport[22m | Saving...[39m[0m
[92m[ DONE ][39m [1mimport[22m
[0m
[  93% ] [90m[1mreimport[22m | pipeline_proof.glb[39m[0m
[   0% ] [90m[1mimport[22m | Started Import Scene (104 steps)[39m[0m
[   0% ] [90m[1mimport[22m | Importing Scene...[39m[0m
[   1% ] [90m[1mimport[22m | Running Custom Script...[39m[0m
[  99% ] [90m[1mimport[22m | Saving...[39m[0m
[92m[ DONE ][39m [1mimport[22m
[0m
[  94% ] [90m[1mreimport[22m | rook-ironside.glb[39m[0m
[   0% ] [90m[1mimport[22m | Started Import Scene (104 steps)[39m[0m
[   0% ] [90m[1mimport[22m | Importing Scene...[39m[0m
[   1% ] [90m[1mimport[22m | Running Custom Script...[39m[0m
[  99% ] [90m[1mimport[22m | Saving...[39m[0m
[92m[ DONE ][39m [1mimport[22m
[0m
[  94% ] [90m[1mreimport[22m | vesper-nyx.glb[39m[0m
[   0% ] [90m[1mimport[22m | Started Import Scene (104 steps)[39m[0m
[   0% ] [90m[1mimport[22m | Importing Scene...[39m[0m
[   1% ] [90m[1mimport[22m | Running Custom Script...[39m[0m
[  99% ] [90m[1mimport[22m | Saving...[39m[0m
[92m[ DONE ][39m [1mimport[22m
[0m
[  94% ] [90m[1mreimport[22m | pipeline_proof.glb[39m[0m
[   0% ] [90m[1mimport[22m | Started Import Scene (104 steps)[39m[0m
[   0% ] [90m[1mimport[22m | Importing Scene...[39m[0m
[   1% ] [90m[1mimport[22m | Running Custom Script...[39m[0m
[  99% ] [90m[1mimport[22m | Saving...[39m[0m
[92m[ DONE ][39m [1mimport[22m
[0m
[  95% ] [90m[1mreimport[22m | orion-vell.glb[39m[0m
[   0% ] [90m[1mimport[22m | Started Import Scene (104 steps)[39m[0m
[   0% ] [90m[1mimport[22m | Importing Scene...[39m[0m
[   1% ] [90m[1mimport[22m | Running Custom Script...[39m[0m
[  99% ] [90m[1mimport[22m | Saving...[39m[0m
[92m[ DONE ][39m [1mimport[22m
[0m
[  95% ] [90m[1mreimport[22m | nix-calder.glb[39m[0m
[   0% ] [90m[1mimport[22m | Started Import Scene (104 steps)[39m[0m
[   0% ] [90m[1mimport[22m | Importing Scene...[39m[0m
[   1% ] [90m[1mimport[22m | Running Custom Script...[39m[0m
[  99% ] [90m[1mimport[22m | Saving...[39m[0m
[92m[ DONE ][39m [1mimport[22m
[0m
[  95% ] [90m[1mreimport[22m | kaia-windrow.glb[39m[0m
[   0% ] [90m[1mimport[22m | Started Import Scene (104 steps)[39m[0m
[   0% ] [90m[1mimport[22m | Importing Scene...[39m[0m
[   1% ] [90m[1mimport[22m | Running Custom Script...[39m[0m
[  99% ] [90m[1mimport[22m | Saving...[39m[0m
[92m[ DONE ][39m [1mimport[22m
[0m
[  96% ] [90m[1mreimport[22m | juno-spark.glb[39m[0m
[   0% ] [90m[1mimport[22m | Started Import Scene (104 steps)[39m[0m
[   0% ] [90m[1mimport[22m | Importing Scene...[39m[0m
[   1% ] [90m[1mimport[22m | Running Custom Script...[39m[0m
[  99% ] [90m[1mimport[22m | Saving...[39m[0m
[92m[ DONE ][39m [1mimport[22m
[0m
[  96% ] [90m[1mreimport[22m | ember-vale.glb[39m[0m
[   0% ] [90m[1mimport[22m | Started Import Scene (104 steps)[39m[0m
[   0% ] [90m[1mimport[22m | Importing Scene...[39m[0m
[   1% ] [90m[1mimport[22m | Running Custom Script...[39m[0m
[  99% ] [90m[1mimport[22m | Saving...[39m[0m
[92m[ DONE ][39m [1mimport[22m
[0m
[  96% ] [90m[1mreimport[22m | vesper-nyx.glb[39m[0m
[   0% ] [90m[1mimport[22m | Started Import Scene (104 steps)[39m[0m
[   0% ] [90m[1mimport[22m | Importing Scene...[39m[0m
[   1% ] [90m[1mimport[22m | Running Custom Script...[39m[0m
[  99% ] [90m[1mimport[22m | Saving...[39m[0m
[92m[ DONE ][39m [1mimport[22m
[0m
[  96% ] [90m[1mreimport[22m | rook-ironside.glb[39m[0m
[   0% ] [90m[1mimport[22m | Started Import Scene (104 steps)[39m[0m
[   0% ] [90m[1mimport[22m | Importing Scene...[39m[0m
[   1% ] [90m[1mimport[22m | Running Custom Script...[39m[0m
[  99% ] [90m[1mimport[22m | Saving...[39m[0m
[92m[ DONE ][39m [1mimport[22m
[0m
[  97% ] [90m[1mreimport[22m | orion-vell.glb[39m[0m
[   0% ] [90m[1mimport[22m | Started Import Scene (104 steps)[39m[0m
[   0% ] [90m[1mimport[22m | Importing Scene...[39m[0m
[   1% ] [90m[1mimport[22m | Running Custom Script...[39m[0m
[  99% ] [90m[1mimport[22m | Saving...[39m[0m
[92m[ DONE ][39m [1mimport[22m
[0m
[  97% ] [90m[1mreimport[22m | ember-vale_procedural_proxy.glb[39m[0m
[   0% ] [90m[1mimport[22m | Started Import Scene (104 steps)[39m[0m
[   0% ] [90m[1mimport[22m | Importing Scene...[39m[0m
[   1% ] [90m[1mimport[22m | Running Custom Script...[39m[0m
[  99% ] [90m[1mimport[22m | Saving...[39m[0m
[92m[ DONE ][39m [1mimport[22m
[0m
[  97% ] [90m[1mreimport[22m | juno-spark_procedural_proxy.glb[39m[0m
[   0% ] [90m[1mimport[22m | Started Import Scene (104 steps)[39m[0m
[   0% ] [90m[1mimport[22m | Importing Scene...[39m[0m
[   1% ] [90m[1mimport[22m | Running Custom Script...[39m[0m
[  99% ] [90m[1mimport[22m | Saving...[39m[0m
[92m[ DONE ][39m [1mimport[22m
[0m
[  98% ] [90m[1mreimport[22m | kaia-windrow_procedural_proxy.glb[39m[0m
[   0% ] [90m[1mimport[22m | Started Import Scene (104 steps)[39m[0m
[   0% ] [90m[1mimport[22m | Importing Scene...[39m[0m
[   1% ] [90m[1mimport[22m | Running Custom Script...[39m[0m
[  99% ] [90m[1mimport[22m | Saving...[39m[0m
[92m[ DONE ][39m [1mimport[22m
[0m
[  98% ] [90m[1mreimport[22m | nix-calder_procedural_proxy.glb[39m[0m
[   0% ] [90m[1mimport[22m | Started Import Scene (104 steps)[39m[0m
[   0% ] [90m[1mimport[22m | Importing Scene...[39m[0m
[   1% ] [90m[1mimport[22m | Running Custom Script...[39m[0m
[  99% ] [90m[1mimport[22m | Saving...[39m[0m
[92m[ DONE ][39m [1mimport[22m
[0m
[  98% ] [90m[1mreimport[22m | orion-vell_procedural_proxy.glb[39m[0m
[   0% ] [90m[1mimport[22m | Started Import Scene (104 steps)[39m[0m
[   0% ] [90m[1mimport[22m | Importing Scene...[39m[0m
[   1% ] [90m[1mimport[22m | Running Custom Script...[39m[0m
[  99% ] [90m[1mimport[22m | Saving...[39m[0m
[92m[ DONE ][39m [1mimport[22m
[0m
[  99% ] [90m[1mreimport[22m | rook-ironside_procedural_proxy.glb[39m[0m
[   0% ] [90m[1mimport[22m | Started Import Scene (104 steps)[39m[0m
[   0% ] [90m[1mimport[22m | Importing Scene...[39m[0m
[   1% ] [90m[1mimport[22m | Running Custom Script...[39m[0m
[  99% ] [90m[1mimport[22m | Saving...[39m[0m
[92m[ DONE ][39m [1mimport[22m
[0m
[  99% ] [90m[1mreimport[22m | vesper-nyx_procedural_proxy.glb[39m[0m
[   0% ] [90m[1mimport[22m | Started Import Scene (104 steps)[39m[0m
[   0% ] [90m[1mimport[22m | Importing Scene...[39m[0m
[   1% ] [90m[1mimport[22m | Running Custom Script...[39m[0m
[  99% ] [90m[1mimport[22m | Saving...[39m[0m
[92m[ DONE ][39m [1mimport[22m
[0m
[  99% ] [90m[1mreimport[22m | Finalizing Asset Import...[39m[0m
[92m[ DONE ][39m [1mreimport[22m
[0m
[   0% ] [90m[1mreimport[22m | Started (Re)Importing Assets (324 steps)[39m[0m
[   0% ] [90m[1mreimport[22m | Executing post-reimport operations...[39m[0m
[92m[ DONE ][39m [1mreimport[22m
[0m
[   0% ] [90m[1mexport[22m | Started Exporting for Android (105 steps)[39m[0m
0 param: --xr_mode_regular
1 param: --xr-mode
2 param: off
3 param: --fullscreen
4 param: --background_color
5 param: #000000
SCRIPT ERROR: Parse Error: Cannot infer the type of "a" variable because the value doesn't have a set type.
          at: GDScript::reload (res://scripts/menus/online_hub_scene.gd:51)
SCRIPT ERROR: Parse Error: Cannot infer the type of "b" variable because the value doesn't have a set type.
          at: GDScript::reload (res://scripts/menus/online_hub_scene.gd:52)
SCRIPT ERROR: Parse Error: Cannot infer the type of "a" variable because the value doesn't have a set type.
          at: GDScript::reload (res://scripts/menus/online_hub_scene.gd:58)
SCRIPT ERROR: Parse Error: Cannot infer the type of "b" variable because the value doesn't have a set type.
          at: GDScript::reload (res://scripts/menus/online_hub_scene.gd:59)
ERROR: Failed to load script "res://scripts/menus/online_hub_scene.gd" with error "Parse error".
   at: load (modules/gdscript/gdscript_resource_format.cpp:46)
[92m[ DONE ][39m [1mexport[22m
[0m
node:fs:3105
  binding.copyFile(
          ^

Error: ENOSPC: no space left on device, copyfile '/Users/gunnchos/Downloads/gunnchos-7gc-research-product-spine/repos/_pixel_full_matrix_worktrees/anime/builds/android/anime-aggressors-debug.apk' -> '/Users/gunnchos/Downloads/gunnchos-7gc-research-product-spine/repos/_pixel_full_matrix_worktrees/anime/builds/android/anime-aggressors-elemental-specials-owner-review.apk'
    at Object.copyFileSync (node:fs:3105:11)
    at file:///Users/gunnchos/Downloads/gunnchos-7gc-research-product-spine/repos/_pixel_full_matrix_worktrees/anime/scripts/export-godot-android.mjs:134:4
    at ModuleJob.run (node:internal/modules/esm/module_job:377:25)
    at async onImport.tracePromise.__proto__ (node:internal/modules/esm/loader:689:26)
    at async asyncRunEntryPointWithESMLoader (node:internal/modules/run_main:101:5) {
  errno: -28,
  code: 'ENOSPC',
  syscall: 'copyfile',
  path: '/Users/gunnchos/Downloads/gunnchos-7gc-research-product-spine/repos/_pixel_full_matrix_worktrees/anime/builds/android/anime-aggressors-debug.apk',
  dest: '/Users/gunnchos/Downloads/gunnchos-7gc-research-product-spine/repos/_pixel_full_matrix_worktrees/anime/builds/android/anime-aggressors-elemental-specials-owner-review.apk'
}

Node.js v24.9.0
npm notice
npm notice New minor version of npm available! 11.6.0 -> 11.20.0
npm notice Changelog: https://github.com/npm/cli/releases/tag/v11.20.0
npm notice To update run: npm install -g npm@11.20.0
npm notice
