Scope: all 6 workspace projects
(node:54478) [DEP0169] DeprecationWarning: `url.parse()` behavior is not standardized and prone to errors that have security implications. Use the WHATWG URL API instead. CVEs are not issued for `url.parse()` vulnerabilities.
(Use `node --trace-deprecation ...` to show where the warning was created)
Lockfile is up to date, resolution step is skipped
Progress: resolved 1, reused 0, downloaded 0, added 0
Packages: +411
++++++++++++++++++++++++++++++++++++++++++++++++++++++++++++++++++++++++++++++++
Progress: resolved 411, reused 411, downloaded 0, added 406
Progress: resolved 411, reused 411, downloaded 0, added 411, done

devDependencies:
+ @eslint/js 9.39.4
+ @playwright/test 1.49.1
+ @types/node 22.20.0
+ concurrently 9.2.3
+ eslint 9.39.4
+ eslint-plugin-react-hooks 5.2.0
+ playwright 1.49.1
+ prettier 3.9.4
+ tsx 4.23.0
+ typescript 5.9.3
+ typescript-eslint 8.62.1
+ vitest 2.1.9

Done in 1.9s
