
Welcome to Gradle 8.2.1!

Here are the highlights of this release:
 - Kotlin DSL: new reference documentation, assignment syntax by default
 - Kotlin DSL is now the default with Gradle init
 - Improved suggestions to resolve errors in console output
 - Reduced sync memory consumption

For more details see https://docs.gradle.org/8.2.1/release-notes.html

To honour the JVM settings for this build a single-use Daemon process will be forked. For more on this, please refer to https://docs.gradle.org/8.2.1/userguide/gradle_daemon.html#sec:disabling_the_daemon in the Gradle documentation.
Daemon will be stopped at the end of the build 

> Configure project :app
BeatLink release signing: BEATLINK_* not set; using debug keystore
WARNING: Using flatDir should be avoided because it doesn't support any meta-data formats.

FAILURE: Build failed with an exception.

* Where:
Script '/Users/gunnchos/Downloads/gunnchos-7gc-research-product-spine/repos/_pixel_full_matrix_worktrees/beatlink/apps/web/android/app/capacitor.build.gradle' line: 10

* What went wrong:
A problem occurred evaluating script.
> Could not read script '/Users/gunnchos/Downloads/gunnchos-7gc-research-product-spine/repos/_pixel_full_matrix_worktrees/beatlink/apps/web/android/capacitor-cordova-android-plugins/cordova.variables.gradle' as it does not exist.

* Try:
> Run with --stacktrace option to get the stack trace.
> Run with --info or --debug option to get more log output.
> Run with --scan to get full insights.
> Get more help at https://help.gradle.org.

BUILD FAILED in 50s
