Resolved 12 packages in 392ms
   Building course-compiler @ file:///Users/gunnchos/Downloads/gunnchos-7gc-research-product-spine/repos/_pixel_full_matrix_worktrees/waike/tools/course_compiler
Downloading cryptography (3.8MiB)
 Downloaded cryptography
      Built course-compiler @ file:///Users/gunnchos/Downloads/gunnchos-7gc-research-product-spine/repos/_pixel_full_matrix_worktrees/waike/tools/course_compiler
Prepared 12 packages in 851ms
Installed 12 packages in 14ms
 + attrs==26.1.0
 + cffi==2.1.1
 + course-compiler==0.1.0 (from file:///Users/gunnchos/Downloads/gunnchos-7gc-research-product-spine/repos/_pixel_full_matrix_worktrees/waike/tools/course_compiler)
 + cryptography==50.0.1
 + jsonschema==4.26.0
 + jsonschema-specifications==2025.9.1
 + pycparser==3.0
 + pynacl==1.6.2
 + pyyaml==6.0.3
 + referencing==0.37.0
 + rpds-py==2026.6.3
 + typing-extensions==4.16.0
Resolved 34 packages in 578ms
Downloading pygments (1.2MiB)
Downloading pydantic-core (1.8MiB)
 Downloaded pygments
 Downloaded pydantic-core
Prepared 21 packages in 743ms
Installed 23 packages in 20ms
 + annotated-doc==0.0.5
 + annotated-types==0.8.0
 + anyio==4.15.1
 + argon2-cffi==25.1.0
 + argon2-cffi-bindings==26.1.0
 + certifi==2026.7.22
 + click==8.5.0
 + fastapi==0.141.1
 + h11==0.16.0
 + httpcore==1.0.9
 + httpx==0.28.1
 + idna==3.20
 + iniconfig==2.3.0
 + packaging==26.3
 + pluggy==1.6.0
 + pydantic==2.13.5
 + pydantic-core==2.46.5
 + pygments==2.21.0
 + pyjwt==2.15.1
 + pytest==9.1.1
 + starlette==1.7.0
 + typing-inspection==0.4.4
 + uvicorn==0.54.0
