(node:62901) [DEP0169] DeprecationWarning: `url.parse()` behavior is not standardized and prone to errors that have security implications. Use the WHATWG URL API instead. CVEs are not issued for `url.parse()` vulnerabilities.
(Use `node --trace-deprecation ...` to show where the warning was created)
Lockfile is up to date, resolution step is skipped
Progress: resolved 1, reused 0, downloaded 0, added 0
Packages: +188
++++++++++++++++++++++++++++++++++++++++++++++++++++++++++++++++++++++++++++++++
Progress: resolved 188, reused 188, downloaded 0, added 188, done

dependencies:
+ @tauri-apps/api 2.11.1
+ @tauri-apps/plugin-dialog 2.7.3
+ react 18.3.1
+ react-dom 18.3.1

devDependencies:
+ @tauri-apps/cli 2.11.4
+ @testing-library/jest-dom 6.10.0
+ @testing-library/react 16.3.3
+ @testing-library/user-event 14.6.6
+ @types/react 18.3.31
+ @types/react-dom 18.3.7
+ @vitejs/plugin-react 4.7.0
+ jsdom 25.0.1
+ typescript 5.9.3
+ vite 6.4.3
+ vitest 2.1.9

Done in 1.5s using pnpm v9.15.9
